MWVN four-process verification summary
Date: 2026-09-11 (Asia/Jerusalem)

PASS: Go unit tests for cmd/mwvn_bftnode
PASS: 4 Python regional-core unit tests
PASS: Docker Compose configuration validation
PASS: Four-engine happy flow
  - synthetic approved QC committed
  - all four engines participated
  - PRE-PREPARE, PREPARE, COMMIT, and LEDGER-APPEND observed
  - all four Python application ledgers converged
  - final rerun after legacy-demo removal: compose-1789074588256453
  - final rerun ledger head: ae29e766b791f696551d4b6d20df46450e01e1d9d277403ae850815b9d701278
PASS: One-engine-down fault flow
  - three remaining engines committed with a 3-of-4 quorum
  - stopped validator did not advance
PASS: No-quorum fault flow
  - with only two engines running, the request remained pending
  - no application ledger advanced
PASS: Browser form sanity check
  - committed status displayed
  - four validator pairs showed the same ledger head

Important result boundary:
The input is a synthetic already-approved QC. This verifies regional SmartBFT
consensus and replicated application-ledger behavior; it does not verify physical
vessel authenticity or construct a witness quorum certificate.
