=== RUN   TestFourNodePrepareQuorumDoesNotWaitForDeadline
2026-09-10T07:27:10.727+0300	INFO	wal/writeaheadlog.go:765	Trying to creating a Write-Ahead-Log at dir: /var/folders/p4/74h8vgj146b3pm64t_tss0rm0000gn/T/TestFourNodePrepareQuorumDoesNotWaitForDeadline3216875796/node1	{"t": "TestFourNodePrepareQuorumDoesNotWaitForDeadline", "id": 1}
2026-09-10T07:27:10.728+0300	DEBUG	wal/writeaheadlog.go:766	Write-Ahead-Log options: {FileSizeBytes: 0, BufferSizeBytes: 0}	{"t": "TestFourNodePrepareQuorumDoesNotWaitForDeadline", "id": 1}
2026-09-10T07:27:10.734+0300	DEBUG	wal/writeaheadlog.go:755	CRC-Anchor DEED0001 written to file: /var/folders/p4/74h8vgj146b3pm64t_tss0rm0000gn/T/TestFourNodePrepareQuorumDoesNotWaitForDeadline3216875796/node1/0000000000000001.wal, at offset 0, size=16	{"t": "TestFourNodePrepareQuorumDoesNotWaitForDeadline", "id": 1}
2026-09-10T07:27:10.734+0300	INFO	wal/writeaheadlog.go:192	Write-Ahead-Log created successfully, mode: WRITE, dir: /var/folders/p4/74h8vgj146b3pm64t_tss0rm0000gn/T/TestFourNodePrepareQuorumDoesNotWaitForDeadline3216875796/node1	{"t": "TestFourNodePrepareQuorumDoesNotWaitForDeadline", "id": 1}
2026-09-10T07:27:10.734+0300	INFO	wal/writeaheadlog.go:803	Write-Ahead-Log initialized successfully, initial state contains 0 entries	{"t": "TestFourNodePrepareQuorumDoesNotWaitForDeadline", "id": 1}
2026-09-10T07:27:10.734+0300	INFO	wal/writeaheadlog.go:765	Trying to creating a Write-Ahead-Log at dir: /var/folders/p4/74h8vgj146b3pm64t_tss0rm0000gn/T/TestFourNodePrepareQuorumDoesNotWaitForDeadline3216875796/node2	{"t": "TestFourNodePrepareQuorumDoesNotWaitForDeadline", "id": 2}
2026-09-10T07:27:10.734+0300	DEBUG	wal/writeaheadlog.go:766	Write-Ahead-Log options: {FileSizeBytes: 0, BufferSizeBytes: 0}	{"t": "TestFourNodePrepareQuorumDoesNotWaitForDeadline", "id": 2}
2026-09-10T07:27:10.739+0300	DEBUG	wal/writeaheadlog.go:755	CRC-Anchor DEED0001 written to file: /var/folders/p4/74h8vgj146b3pm64t_tss0rm0000gn/T/TestFourNodePrepareQuorumDoesNotWaitForDeadline3216875796/node2/0000000000000001.wal, at offset 0, size=16	{"t": "TestFourNodePrepareQuorumDoesNotWaitForDeadline", "id": 2}
2026-09-10T07:27:10.739+0300	INFO	wal/writeaheadlog.go:192	Write-Ahead-Log created successfully, mode: WRITE, dir: /var/folders/p4/74h8vgj146b3pm64t_tss0rm0000gn/T/TestFourNodePrepareQuorumDoesNotWaitForDeadline3216875796/node2	{"t": "TestFourNodePrepareQuorumDoesNotWaitForDeadline", "id": 2}
2026-09-10T07:27:10.739+0300	INFO	wal/writeaheadlog.go:803	Write-Ahead-Log initialized successfully, initial state contains 0 entries	{"t": "TestFourNodePrepareQuorumDoesNotWaitForDeadline", "id": 2}
2026-09-10T07:27:10.740+0300	INFO	wal/writeaheadlog.go:765	Trying to creating a Write-Ahead-Log at dir: /var/folders/p4/74h8vgj146b3pm64t_tss0rm0000gn/T/TestFourNodePrepareQuorumDoesNotWaitForDeadline3216875796/node3	{"t": "TestFourNodePrepareQuorumDoesNotWaitForDeadline", "id": 3}
2026-09-10T07:27:10.740+0300	DEBUG	wal/writeaheadlog.go:766	Write-Ahead-Log options: {FileSizeBytes: 0, BufferSizeBytes: 0}	{"t": "TestFourNodePrepareQuorumDoesNotWaitForDeadline", "id": 3}
2026-09-10T07:27:10.744+0300	DEBUG	wal/writeaheadlog.go:755	CRC-Anchor DEED0001 written to file: /var/folders/p4/74h8vgj146b3pm64t_tss0rm0000gn/T/TestFourNodePrepareQuorumDoesNotWaitForDeadline3216875796/node3/0000000000000001.wal, at offset 0, size=16	{"t": "TestFourNodePrepareQuorumDoesNotWaitForDeadline", "id": 3}
2026-09-10T07:27:10.744+0300	INFO	wal/writeaheadlog.go:192	Write-Ahead-Log created successfully, mode: WRITE, dir: /var/folders/p4/74h8vgj146b3pm64t_tss0rm0000gn/T/TestFourNodePrepareQuorumDoesNotWaitForDeadline3216875796/node3	{"t": "TestFourNodePrepareQuorumDoesNotWaitForDeadline", "id": 3}
2026-09-10T07:27:10.744+0300	INFO	wal/writeaheadlog.go:803	Write-Ahead-Log initialized successfully, initial state contains 0 entries	{"t": "TestFourNodePrepareQuorumDoesNotWaitForDeadline", "id": 3}
2026-09-10T07:27:10.744+0300	INFO	wal/writeaheadlog.go:765	Trying to creating a Write-Ahead-Log at dir: /var/folders/p4/74h8vgj146b3pm64t_tss0rm0000gn/T/TestFourNodePrepareQuorumDoesNotWaitForDeadline3216875796/node4	{"t": "TestFourNodePrepareQuorumDoesNotWaitForDeadline", "id": 4}
2026-09-10T07:27:10.744+0300	DEBUG	wal/writeaheadlog.go:766	Write-Ahead-Log options: {FileSizeBytes: 0, BufferSizeBytes: 0}	{"t": "TestFourNodePrepareQuorumDoesNotWaitForDeadline", "id": 4}
2026-09-10T07:27:10.749+0300	DEBUG	wal/writeaheadlog.go:755	CRC-Anchor DEED0001 written to file: /var/folders/p4/74h8vgj146b3pm64t_tss0rm0000gn/T/TestFourNodePrepareQuorumDoesNotWaitForDeadline3216875796/node4/0000000000000001.wal, at offset 0, size=16	{"t": "TestFourNodePrepareQuorumDoesNotWaitForDeadline", "id": 4}
2026-09-10T07:27:10.749+0300	INFO	wal/writeaheadlog.go:192	Write-Ahead-Log created successfully, mode: WRITE, dir: /var/folders/p4/74h8vgj146b3pm64t_tss0rm0000gn/T/TestFourNodePrepareQuorumDoesNotWaitForDeadline3216875796/node4	{"t": "TestFourNodePrepareQuorumDoesNotWaitForDeadline", "id": 4}
2026-09-10T07:27:10.749+0300	INFO	wal/writeaheadlog.go:803	Write-Ahead-Log initialized successfully, initial state contains 0 entries	{"t": "TestFourNodePrepareQuorumDoesNotWaitForDeadline", "id": 4}
2026-09-10T07:27:10.749+0300	DEBUG	consensus/consensus.go:153	Application started with view 0, seq 0, and decisions 0	{"t": "TestFourNodePrepareQuorumDoesNotWaitForDeadline", "id": 1}
2026-09-10T07:27:10.749+0300	INFO	bft/state.go:99	Nothing to restore	{"t": "TestFourNodePrepareQuorumDoesNotWaitForDeadline", "id": 1}
2026-09-10T07:27:10.750+0300	DEBUG	consensus/consensus.go:478	No view change to restore	{"t": "TestFourNodePrepareQuorumDoesNotWaitForDeadline", "id": 1}
2026-09-10T07:27:10.750+0300	INFO	bft/state.go:80	Nothing to restore	{"t": "TestFourNodePrepareQuorumDoesNotWaitForDeadline", "id": 1}
2026-09-10T07:27:10.750+0300	DEBUG	consensus/consensus.go:493	No new view to restore	{"t": "TestFourNodePrepareQuorumDoesNotWaitForDeadline", "id": 1}
2026-09-10T07:27:10.750+0300	DEBUG	bft/controller.go:793	Starting controller with view 0, sequence 1, and decisions 0	{"t": "TestFourNodePrepareQuorumDoesNotWaitForDeadline", "id": 1}
2026-09-10T07:27:10.750+0300	DEBUG	bft/controller.go:805	The number of nodes (N) is 4, F is 1, and the quorum size is 3	{"t": "TestFourNodePrepareQuorumDoesNotWaitForDeadline", "id": 1}
2026-09-10T07:27:10.750+0300	INFO	bft/controller.go:616	Synchronizer returned with an empty proposal metadata	{"t": "TestFourNodePrepareQuorumDoesNotWaitForDeadline", "id": 1}
2026-09-10T07:27:10.750+0300	DEBUG	bft/statecollector.go:83	Node 1 started collecting state responses	{"t": "TestFourNodePrepareQuorumDoesNotWaitForDeadline", "id": 1}
2026-09-10T07:27:10.950+0300	INFO	bft/statecollector.go:90	Node 1 reached the state collector timeout	{"t": "TestFourNodePrepareQuorumDoesNotWaitForDeadline", "id": 1}
2026-09-10T07:27:10.950+0300	INFO	bft/controller.go:653	Fetching state failed	{"t": "TestFourNodePrepareQuorumDoesNotWaitForDeadline", "id": 1}
2026-09-10T07:27:10.950+0300	DEBUG	bft/controller.go:812	After sync starting controller with view 0, sequence 1, and decisions 0	{"t": "TestFourNodePrepareQuorumDoesNotWaitForDeadline", "id": 1}
2026-09-10T07:27:10.950+0300	INFO	bft/state.go:121	Nothing to restore	{"t": "TestFourNodePrepareQuorumDoesNotWaitForDeadline", "id": 1}
2026-09-10T07:27:10.951+0300	DEBUG	bft/controller.go:396	Acquiring leader token when starting view with phase COMMITTED	{"t": "TestFourNodePrepareQuorumDoesNotWaitForDeadline", "id": 1}
2026-09-10T07:27:10.951+0300	INFO	bft/heartbeatmonitor.go:185	Changing to leader role, current view: 0, current leader: 1	{"t": "TestFourNodePrepareQuorumDoesNotWaitForDeadline", "id": 1}
2026-09-10T07:27:10.951+0300	INFO	bft/controller.go:404	Starting view with number 0, sequence 1, and decisions 0	{"t": "TestFourNodePrepareQuorumDoesNotWaitForDeadline", "id": 1}
2026-09-10T07:27:10.951+0300	DEBUG	consensus/consensus.go:153	Application started with view 0, seq 0, and decisions 0	{"t": "TestFourNodePrepareQuorumDoesNotWaitForDeadline", "id": 2}
2026-09-10T07:27:10.951+0300	INFO	bft/state.go:99	Nothing to restore	{"t": "TestFourNodePrepareQuorumDoesNotWaitForDeadline", "id": 2}
2026-09-10T07:27:10.951+0300	DEBUG	consensus/consensus.go:478	No view change to restore	{"t": "TestFourNodePrepareQuorumDoesNotWaitForDeadline", "id": 2}
2026-09-10T07:27:10.951+0300	INFO	bft/state.go:80	Nothing to restore	{"t": "TestFourNodePrepareQuorumDoesNotWaitForDeadline", "id": 2}
2026-09-10T07:27:10.951+0300	DEBUG	consensus/consensus.go:493	No new view to restore	{"t": "TestFourNodePrepareQuorumDoesNotWaitForDeadline", "id": 2}
2026-09-10T07:27:10.951+0300	DEBUG	bft/controller.go:793	Starting controller with view 0, sequence 1, and decisions 0	{"t": "TestFourNodePrepareQuorumDoesNotWaitForDeadline", "id": 2}
2026-09-10T07:27:10.951+0300	DEBUG	bft/controller.go:805	The number of nodes (N) is 4, F is 1, and the quorum size is 3	{"t": "TestFourNodePrepareQuorumDoesNotWaitForDeadline", "id": 2}
2026-09-10T07:27:10.951+0300	INFO	bft/controller.go:616	Synchronizer returned with an empty proposal metadata	{"t": "TestFourNodePrepareQuorumDoesNotWaitForDeadline", "id": 2}
2026-09-10T07:27:10.951+0300	DEBUG	bft/statecollector.go:83	Node 2 started collecting state responses	{"t": "TestFourNodePrepareQuorumDoesNotWaitForDeadline", "id": 2}
2026-09-10T07:27:11.152+0300	INFO	bft/statecollector.go:90	Node 2 reached the state collector timeout	{"t": "TestFourNodePrepareQuorumDoesNotWaitForDeadline", "id": 2}
2026-09-10T07:27:11.152+0300	INFO	bft/controller.go:653	Fetching state failed	{"t": "TestFourNodePrepareQuorumDoesNotWaitForDeadline", "id": 2}
2026-09-10T07:27:11.152+0300	DEBUG	bft/controller.go:812	After sync starting controller with view 0, sequence 1, and decisions 0	{"t": "TestFourNodePrepareQuorumDoesNotWaitForDeadline", "id": 2}
2026-09-10T07:27:11.152+0300	INFO	bft/state.go:121	Nothing to restore	{"t": "TestFourNodePrepareQuorumDoesNotWaitForDeadline", "id": 2}
2026-09-10T07:27:11.152+0300	INFO	bft/heartbeatmonitor.go:185	Changing to follower role, current view: 0, current leader: 1	{"t": "TestFourNodePrepareQuorumDoesNotWaitForDeadline", "id": 2}
2026-09-10T07:27:11.152+0300	INFO	bft/controller.go:404	Starting view with number 0, sequence 1, and decisions 0	{"t": "TestFourNodePrepareQuorumDoesNotWaitForDeadline", "id": 2}
2026-09-10T07:27:11.152+0300	DEBUG	consensus/consensus.go:153	Application started with view 0, seq 0, and decisions 0	{"t": "TestFourNodePrepareQuorumDoesNotWaitForDeadline", "id": 3}
2026-09-10T07:27:11.152+0300	INFO	bft/state.go:99	Nothing to restore	{"t": "TestFourNodePrepareQuorumDoesNotWaitForDeadline", "id": 3}
2026-09-10T07:27:11.153+0300	DEBUG	consensus/consensus.go:478	No view change to restore	{"t": "TestFourNodePrepareQuorumDoesNotWaitForDeadline", "id": 3}
2026-09-10T07:27:11.153+0300	INFO	bft/state.go:80	Nothing to restore	{"t": "TestFourNodePrepareQuorumDoesNotWaitForDeadline", "id": 3}
2026-09-10T07:27:11.153+0300	DEBUG	consensus/consensus.go:493	No new view to restore	{"t": "TestFourNodePrepareQuorumDoesNotWaitForDeadline", "id": 3}
2026-09-10T07:27:11.153+0300	DEBUG	bft/controller.go:793	Starting controller with view 0, sequence 1, and decisions 0	{"t": "TestFourNodePrepareQuorumDoesNotWaitForDeadline", "id": 3}
2026-09-10T07:27:11.153+0300	DEBUG	bft/controller.go:805	The number of nodes (N) is 4, F is 1, and the quorum size is 3	{"t": "TestFourNodePrepareQuorumDoesNotWaitForDeadline", "id": 3}
2026-09-10T07:27:11.153+0300	INFO	bft/controller.go:616	Synchronizer returned with an empty proposal metadata	{"t": "TestFourNodePrepareQuorumDoesNotWaitForDeadline", "id": 3}
2026-09-10T07:27:11.153+0300	DEBUG	bft/statecollector.go:83	Node 3 started collecting state responses	{"t": "TestFourNodePrepareQuorumDoesNotWaitForDeadline", "id": 3}
2026-09-10T07:27:11.353+0300	INFO	bft/statecollector.go:90	Node 3 reached the state collector timeout	{"t": "TestFourNodePrepareQuorumDoesNotWaitForDeadline", "id": 3}
2026-09-10T07:27:11.353+0300	INFO	bft/controller.go:653	Fetching state failed	{"t": "TestFourNodePrepareQuorumDoesNotWaitForDeadline", "id": 3}
2026-09-10T07:27:11.353+0300	DEBUG	bft/controller.go:812	After sync starting controller with view 0, sequence 1, and decisions 0	{"t": "TestFourNodePrepareQuorumDoesNotWaitForDeadline", "id": 3}
2026-09-10T07:27:11.353+0300	INFO	bft/state.go:121	Nothing to restore	{"t": "TestFourNodePrepareQuorumDoesNotWaitForDeadline", "id": 3}
2026-09-10T07:27:11.353+0300	INFO	bft/heartbeatmonitor.go:185	Changing to follower role, current view: 0, current leader: 1	{"t": "TestFourNodePrepareQuorumDoesNotWaitForDeadline", "id": 3}
2026-09-10T07:27:11.353+0300	INFO	bft/controller.go:404	Starting view with number 0, sequence 1, and decisions 0	{"t": "TestFourNodePrepareQuorumDoesNotWaitForDeadline", "id": 3}
2026-09-10T07:27:11.353+0300	DEBUG	consensus/consensus.go:153	Application started with view 0, seq 0, and decisions 0	{"t": "TestFourNodePrepareQuorumDoesNotWaitForDeadline", "id": 4}
2026-09-10T07:27:11.353+0300	INFO	bft/state.go:99	Nothing to restore	{"t": "TestFourNodePrepareQuorumDoesNotWaitForDeadline", "id": 4}
2026-09-10T07:27:11.353+0300	DEBUG	consensus/consensus.go:478	No view change to restore	{"t": "TestFourNodePrepareQuorumDoesNotWaitForDeadline", "id": 4}
2026-09-10T07:27:11.353+0300	INFO	bft/state.go:80	Nothing to restore	{"t": "TestFourNodePrepareQuorumDoesNotWaitForDeadline", "id": 4}
2026-09-10T07:27:11.353+0300	DEBUG	consensus/consensus.go:493	No new view to restore	{"t": "TestFourNodePrepareQuorumDoesNotWaitForDeadline", "id": 4}
2026-09-10T07:27:11.353+0300	DEBUG	bft/controller.go:793	Starting controller with view 0, sequence 1, and decisions 0	{"t": "TestFourNodePrepareQuorumDoesNotWaitForDeadline", "id": 4}
2026-09-10T07:27:11.353+0300	DEBUG	bft/controller.go:805	The number of nodes (N) is 4, F is 1, and the quorum size is 3	{"t": "TestFourNodePrepareQuorumDoesNotWaitForDeadline", "id": 4}
2026-09-10T07:27:11.353+0300	INFO	bft/controller.go:616	Synchronizer returned with an empty proposal metadata	{"t": "TestFourNodePrepareQuorumDoesNotWaitForDeadline", "id": 4}
2026-09-10T07:27:11.353+0300	DEBUG	bft/statecollector.go:83	Node 4 started collecting state responses	{"t": "TestFourNodePrepareQuorumDoesNotWaitForDeadline", "id": 4}
2026-09-10T07:27:11.554+0300	INFO	bft/statecollector.go:90	Node 4 reached the state collector timeout	{"t": "TestFourNodePrepareQuorumDoesNotWaitForDeadline", "id": 4}
2026-09-10T07:27:11.554+0300	INFO	bft/controller.go:653	Fetching state failed	{"t": "TestFourNodePrepareQuorumDoesNotWaitForDeadline", "id": 4}
2026-09-10T07:27:11.554+0300	DEBUG	bft/controller.go:812	After sync starting controller with view 0, sequence 1, and decisions 0	{"t": "TestFourNodePrepareQuorumDoesNotWaitForDeadline", "id": 4}
2026-09-10T07:27:11.554+0300	INFO	bft/state.go:121	Nothing to restore	{"t": "TestFourNodePrepareQuorumDoesNotWaitForDeadline", "id": 4}
2026-09-10T07:27:11.554+0300	INFO	bft/heartbeatmonitor.go:185	Changing to follower role, current view: 0, current leader: 1	{"t": "TestFourNodePrepareQuorumDoesNotWaitForDeadline", "id": 4}
2026-09-10T07:27:11.555+0300	INFO	bft/controller.go:404	Starting view with number 0, sequence 1, and decisions 0	{"t": "TestFourNodePrepareQuorumDoesNotWaitForDeadline", "id": 4}
2026-09-10T07:27:11.555+0300	DEBUG	consensus/consensus.go:312	Submit Request: {mwvn-ingress approved-qc-normal}	{"t": "TestFourNodePrepareQuorumDoesNotWaitForDeadline", "id": 1}
2026-09-10T07:27:11.555+0300	DEBUG	bft/requestpool.go:273	Request {mwvn-ingress approved-qc-normal} submitted; started a timeout: 500ms	{"t": "TestFourNodePrepareQuorumDoesNotWaitForDeadline", "id": 1}
2026-09-10T07:27:11.555+0300	DEBUG	bft/controller.go:270	Request {mwvn-ingress approved-qc-normal} was submitted	{"t": "TestFourNodePrepareQuorumDoesNotWaitForDeadline", "id": 1}
2026-09-10T07:27:11.556+0300	DEBUG	bft/controller.go:331	1 got message from 2: state_transfer_request:{}	{"t": "TestFourNodePrepareQuorumDoesNotWaitForDeadline", "id": 1}
2026-09-10T07:27:11.556+0300	DEBUG	bft/controller.go:331	1 got message from 3: state_transfer_request:{}	{"t": "TestFourNodePrepareQuorumDoesNotWaitForDeadline", "id": 1}
2026-09-10T07:27:11.556+0300	DEBUG	bft/controller.go:331	1 got message from 4: state_transfer_request:{}	{"t": "TestFourNodePrepareQuorumDoesNotWaitForDeadline", "id": 1}
2026-09-10T07:27:11.556+0300	DEBUG	bft/controller.go:331	2 got message from 1: state_transfer_request:{}	{"t": "TestFourNodePrepareQuorumDoesNotWaitForDeadline", "id": 2}
2026-09-10T07:27:11.556+0300	DEBUG	bft/controller.go:331	2 got message from 3: state_transfer_request:{}	{"t": "TestFourNodePrepareQuorumDoesNotWaitForDeadline", "id": 2}
2026-09-10T07:27:11.556+0300	DEBUG	bft/controller.go:331	2 got message from 4: state_transfer_request:{}	{"t": "TestFourNodePrepareQuorumDoesNotWaitForDeadline", "id": 2}
2026-09-10T07:27:11.556+0300	DEBUG	bft/controller.go:331	2 got message from 1: state_transfer_response:{sequence:1}	{"t": "TestFourNodePrepareQuorumDoesNotWaitForDeadline", "id": 2}
2026-09-10T07:27:11.556+0300	DEBUG	bft/statecollector.go:58	Node 2 handling state response: state_transfer_response:{sequence:1}	{"t": "TestFourNodePrepareQuorumDoesNotWaitForDeadline", "id": 2}
2026-09-10T07:27:11.556+0300	DEBUG	bft/controller.go:331	1 got message from 2: state_transfer_response:{sequence:1}	{"t": "TestFourNodePrepareQuorumDoesNotWaitForDeadline", "id": 1}
2026-09-10T07:27:11.556+0300	DEBUG	bft/statecollector.go:58	Node 1 handling state response: state_transfer_response:{sequence:1}	{"t": "TestFourNodePrepareQuorumDoesNotWaitForDeadline", "id": 1}
2026-09-10T07:27:11.556+0300	DEBUG	bft/controller.go:331	3 got message from 1: state_transfer_request:{}	{"t": "TestFourNodePrepareQuorumDoesNotWaitForDeadline", "id": 3}
2026-09-10T07:27:11.556+0300	DEBUG	bft/controller.go:331	3 got message from 2: state_transfer_request:{}	{"t": "TestFourNodePrepareQuorumDoesNotWaitForDeadline", "id": 3}
2026-09-10T07:27:11.556+0300	DEBUG	bft/controller.go:331	3 got message from 4: state_transfer_request:{}	{"t": "TestFourNodePrepareQuorumDoesNotWaitForDeadline", "id": 3}
2026-09-10T07:27:11.556+0300	DEBUG	bft/controller.go:331	3 got message from 1: state_transfer_response:{sequence:1}	{"t": "TestFourNodePrepareQuorumDoesNotWaitForDeadline", "id": 3}
2026-09-10T07:27:11.556+0300	DEBUG	bft/statecollector.go:58	Node 3 handling state response: state_transfer_response:{sequence:1}	{"t": "TestFourNodePrepareQuorumDoesNotWaitForDeadline", "id": 3}
2026-09-10T07:27:11.556+0300	DEBUG	bft/controller.go:331	3 got message from 2: state_transfer_response:{sequence:1}	{"t": "TestFourNodePrepareQuorumDoesNotWaitForDeadline", "id": 3}
2026-09-10T07:27:11.556+0300	DEBUG	bft/statecollector.go:58	Node 3 handling state response: state_transfer_response:{sequence:1}	{"t": "TestFourNodePrepareQuorumDoesNotWaitForDeadline", "id": 3}
2026-09-10T07:27:11.556+0300	DEBUG	bft/controller.go:331	2 got message from 3: state_transfer_response:{sequence:1}	{"t": "TestFourNodePrepareQuorumDoesNotWaitForDeadline", "id": 2}
2026-09-10T07:27:11.556+0300	DEBUG	bft/statecollector.go:58	Node 2 handling state response: state_transfer_response:{sequence:1}	{"t": "TestFourNodePrepareQuorumDoesNotWaitForDeadline", "id": 2}
2026-09-10T07:27:11.556+0300	DEBUG	bft/controller.go:331	4 got message from 1: state_transfer_request:{}	{"t": "TestFourNodePrepareQuorumDoesNotWaitForDeadline", "id": 4}
2026-09-10T07:27:11.556+0300	DEBUG	bft/controller.go:331	4 got message from 2: state_transfer_request:{}	{"t": "TestFourNodePrepareQuorumDoesNotWaitForDeadline", "id": 4}
2026-09-10T07:27:11.556+0300	DEBUG	bft/controller.go:331	4 got message from 3: state_transfer_request:{}	{"t": "TestFourNodePrepareQuorumDoesNotWaitForDeadline", "id": 4}
2026-09-10T07:27:11.556+0300	DEBUG	bft/controller.go:331	4 got message from 1: state_transfer_response:{sequence:1}	{"t": "TestFourNodePrepareQuorumDoesNotWaitForDeadline", "id": 4}
2026-09-10T07:27:11.556+0300	DEBUG	bft/statecollector.go:58	Node 4 handling state response: state_transfer_response:{sequence:1}	{"t": "TestFourNodePrepareQuorumDoesNotWaitForDeadline", "id": 4}
2026-09-10T07:27:11.556+0300	DEBUG	bft/controller.go:331	4 got message from 2: state_transfer_response:{sequence:1}	{"t": "TestFourNodePrepareQuorumDoesNotWaitForDeadline", "id": 4}
2026-09-10T07:27:11.556+0300	DEBUG	bft/statecollector.go:58	Node 4 handling state response: state_transfer_response:{sequence:1}	{"t": "TestFourNodePrepareQuorumDoesNotWaitForDeadline", "id": 4}
2026-09-10T07:27:11.556+0300	DEBUG	bft/controller.go:331	4 got message from 3: state_transfer_response:{sequence:1}	{"t": "TestFourNodePrepareQuorumDoesNotWaitForDeadline", "id": 4}
2026-09-10T07:27:11.556+0300	DEBUG	bft/statecollector.go:58	Node 4 handling state response: state_transfer_response:{sequence:1}	{"t": "TestFourNodePrepareQuorumDoesNotWaitForDeadline", "id": 4}
2026-09-10T07:27:11.556+0300	DEBUG	bft/controller.go:331	3 got message from 4: state_transfer_response:{sequence:1}	{"t": "TestFourNodePrepareQuorumDoesNotWaitForDeadline", "id": 3}
2026-09-10T07:27:11.556+0300	DEBUG	bft/statecollector.go:58	Node 3 handling state response: state_transfer_response:{sequence:1}	{"t": "TestFourNodePrepareQuorumDoesNotWaitForDeadline", "id": 3}
2026-09-10T07:27:11.556+0300	DEBUG	bft/controller.go:331	1 got message from 3: state_transfer_response:{sequence:1}	{"t": "TestFourNodePrepareQuorumDoesNotWaitForDeadline", "id": 1}
2026-09-10T07:27:11.556+0300	DEBUG	bft/statecollector.go:58	Node 1 handling state response: state_transfer_response:{sequence:1}	{"t": "TestFourNodePrepareQuorumDoesNotWaitForDeadline", "id": 1}
2026-09-10T07:27:11.556+0300	DEBUG	bft/controller.go:331	1 got message from 4: state_transfer_response:{sequence:1}	{"t": "TestFourNodePrepareQuorumDoesNotWaitForDeadline", "id": 1}
2026-09-10T07:27:11.556+0300	DEBUG	bft/statecollector.go:58	Node 1 handling state response: state_transfer_response:{sequence:1}	{"t": "TestFourNodePrepareQuorumDoesNotWaitForDeadline", "id": 1}
2026-09-10T07:27:11.556+0300	DEBUG	bft/controller.go:331	2 got message from 4: state_transfer_response:{sequence:1}	{"t": "TestFourNodePrepareQuorumDoesNotWaitForDeadline", "id": 2}
2026-09-10T07:27:11.556+0300	DEBUG	bft/statecollector.go:58	Node 2 handling state response: state_transfer_response:{sequence:1}	{"t": "TestFourNodePrepareQuorumDoesNotWaitForDeadline", "id": 2}
2026-09-10T07:27:11.556+0300	DEBUG	bft/requestpool.go:328	Returning batch of 1 requests totalling 108B	{"t": "TestFourNodePrepareQuorumDoesNotWaitForDeadline", "id": 1}
2026-09-10T07:27:11.556+0300	DEBUG	bft/view.go:930	GetMetadata with view 0, seq 1, dec 0	{"t": "TestFourNodePrepareQuorumDoesNotWaitForDeadline", "id": 1}
2026-09-10T07:27:11.556+0300	DEBUG	bft/view.go:960	Proposing proposal 1 with verification sequence of 0 and 0 commit signatures	{"t": "TestFourNodePrepareQuorumDoesNotWaitForDeadline", "id": 1}
2026-09-10T07:27:11.556+0300	DEBUG	bft/view.go:1054	Rotation is disabled, setting blacklist to be empty	{"t": "TestFourNodePrepareQuorumDoesNotWaitForDeadline", "id": 1}
2026-09-10T07:27:11.556+0300	DEBUG	bft/view.go:1007	Leader rotation is disabled, will not bind signatures to proposals	{"t": "TestFourNodePrepareQuorumDoesNotWaitForDeadline", "id": 1}
2026-09-10T07:27:11.556+0300	DEBUG	bft/view.go:1002	Proposing proposal sequence 1 in view 0	{"t": "TestFourNodePrepareQuorumDoesNotWaitForDeadline", "id": 1}
2026-09-10T07:27:11.557+0300	DEBUG	bft/view.go:228	1 got message <PrePrepare with view: 0, seq: 1, payload of 114 bytes, header: > from 1 with seq 1	{"t": "TestFourNodePrepareQuorumDoesNotWaitForDeadline", "id": 1}
2026-09-10T07:27:11.557+0300	DEBUG	bft/view.go:639	Previous proposal verification sequence: 0, current verification sequence: 0	{"t": "TestFourNodePrepareQuorumDoesNotWaitForDeadline", "id": 1}
2026-09-10T07:27:11.557+0300	DEBUG	bft/view.go:677	DecisionsPerLeader is 0, hence leader rotation is inactive	{"t": "TestFourNodePrepareQuorumDoesNotWaitForDeadline", "id": 1}
2026-09-10T07:27:11.564+0300	DEBUG	wal/writeaheadlog.go:485	LogRecord appended successfully: total size=216, recordLength=204, dataCRC=B3A8A92C; file=/var/folders/p4/74h8vgj146b3pm64t_tss0rm0000gn/T/TestFourNodePrepareQuorumDoesNotWaitForDeadline3216875796/node1/0000000000000001.wal, new-offset=232	{"t": "TestFourNodePrepareQuorumDoesNotWaitForDeadline", "id": 1}
2026-09-10T07:27:11.564+0300	INFO	bft/view.go:431	Processed proposal with seq 1	{"t": "TestFourNodePrepareQuorumDoesNotWaitForDeadline", "id": 1}
2026-09-10T07:27:11.564+0300	DEBUG	bft/controller.go:331	2 got message from 1: <PrePrepare with view: 0, seq: 1, payload of 114 bytes, header: >	{"t": "TestFourNodePrepareQuorumDoesNotWaitForDeadline", "id": 2}
2026-09-10T07:27:11.564+0300	INFO	bft/view.go:467	1 collecting 2 remote prepares for proposal with seq 1; timeout 5m0s	{"t": "TestFourNodePrepareQuorumDoesNotWaitForDeadline", "id": 1}
2026-09-10T07:27:11.564+0300	DEBUG	bft/controller.go:331	3 got message from 1: <PrePrepare with view: 0, seq: 1, payload of 114 bytes, header: >	{"t": "TestFourNodePrepareQuorumDoesNotWaitForDeadline", "id": 3}
2026-09-10T07:27:11.564+0300	DEBUG	bft/controller.go:331	4 got message from 1: <PrePrepare with view: 0, seq: 1, payload of 114 bytes, header: >	{"t": "TestFourNodePrepareQuorumDoesNotWaitForDeadline", "id": 4}
2026-09-10T07:27:11.564+0300	DEBUG	bft/controller.go:331	3 got message from 1: prepare:{seq:1  digest:"f8c03de5bfe9a12047b4dcdf42ccedaa29619406c0c2818ddd6dbae10c35829d"}	{"t": "TestFourNodePrepareQuorumDoesNotWaitForDeadline", "id": 3}
2026-09-10T07:27:11.564+0300	DEBUG	bft/controller.go:331	2 got message from 1: prepare:{seq:1  digest:"f8c03de5bfe9a12047b4dcdf42ccedaa29619406c0c2818ddd6dbae10c35829d"}	{"t": "TestFourNodePrepareQuorumDoesNotWaitForDeadline", "id": 2}
2026-09-10T07:27:11.564+0300	DEBUG	bft/controller.go:331	4 got message from 1: prepare:{seq:1  digest:"f8c03de5bfe9a12047b4dcdf42ccedaa29619406c0c2818ddd6dbae10c35829d"}	{"t": "TestFourNodePrepareQuorumDoesNotWaitForDeadline", "id": 4}
2026-09-10T07:27:11.564+0300	DEBUG	bft/view.go:228	2 got message <PrePrepare with view: 0, seq: 1, payload of 114 bytes, header: > from 1 with seq 1	{"t": "TestFourNodePrepareQuorumDoesNotWaitForDeadline", "id": 2}
2026-09-10T07:27:11.565+0300	DEBUG	bft/heartbeatmonitor.go:255	Received heartbeat from 1, last heartbeat was 0s ago	{"t": "TestFourNodePrepareQuorumDoesNotWaitForDeadline", "id": 2}
2026-09-10T07:27:11.565+0300	DEBUG	bft/heartbeatmonitor.go:255	Received heartbeat from 1, last heartbeat was 0s ago	{"t": "TestFourNodePrepareQuorumDoesNotWaitForDeadline", "id": 3}
2026-09-10T07:27:11.565+0300	DEBUG	bft/heartbeatmonitor.go:255	Received heartbeat from 1, last heartbeat was 0s ago	{"t": "TestFourNodePrepareQuorumDoesNotWaitForDeadline", "id": 4}
2026-09-10T07:27:11.565+0300	DEBUG	bft/heartbeatmonitor.go:255	Received heartbeat from 1, last heartbeat was 0s ago	{"t": "TestFourNodePrepareQuorumDoesNotWaitForDeadline", "id": 2}
2026-09-10T07:27:11.565+0300	DEBUG	bft/heartbeatmonitor.go:255	Received heartbeat from 1, last heartbeat was 0s ago	{"t": "TestFourNodePrepareQuorumDoesNotWaitForDeadline", "id": 3}
2026-09-10T07:27:11.565+0300	DEBUG	bft/view.go:228	3 got message <PrePrepare with view: 0, seq: 1, payload of 114 bytes, header: > from 1 with seq 1	{"t": "TestFourNodePrepareQuorumDoesNotWaitForDeadline", "id": 3}
2026-09-10T07:27:11.565+0300	DEBUG	bft/view.go:228	2 got message prepare:{seq:1  digest:"f8c03de5bfe9a12047b4dcdf42ccedaa29619406c0c2818ddd6dbae10c35829d"} from 1 with seq 1	{"t": "TestFourNodePrepareQuorumDoesNotWaitForDeadline", "id": 2}
2026-09-10T07:27:11.565+0300	DEBUG	bft/heartbeatmonitor.go:255	Received heartbeat from 1, last heartbeat was 0s ago	{"t": "TestFourNodePrepareQuorumDoesNotWaitForDeadline", "id": 4}
2026-09-10T07:27:11.565+0300	DEBUG	bft/view.go:228	4 got message <PrePrepare with view: 0, seq: 1, payload of 114 bytes, header: > from 1 with seq 1	{"t": "TestFourNodePrepareQuorumDoesNotWaitForDeadline", "id": 4}
2026-09-10T07:27:11.565+0300	DEBUG	bft/view.go:639	Previous proposal verification sequence: 0, current verification sequence: 0	{"t": "TestFourNodePrepareQuorumDoesNotWaitForDeadline", "id": 3}
2026-09-10T07:27:11.565+0300	DEBUG	bft/view.go:639	Previous proposal verification sequence: 0, current verification sequence: 0	{"t": "TestFourNodePrepareQuorumDoesNotWaitForDeadline", "id": 2}
2026-09-10T07:27:11.565+0300	DEBUG	bft/view.go:677	DecisionsPerLeader is 0, hence leader rotation is inactive	{"t": "TestFourNodePrepareQuorumDoesNotWaitForDeadline", "id": 2}
2026-09-10T07:27:11.565+0300	DEBUG	bft/view.go:677	DecisionsPerLeader is 0, hence leader rotation is inactive	{"t": "TestFourNodePrepareQuorumDoesNotWaitForDeadline", "id": 3}
2026-09-10T07:27:11.565+0300	DEBUG	bft/view.go:639	Previous proposal verification sequence: 0, current verification sequence: 0	{"t": "TestFourNodePrepareQuorumDoesNotWaitForDeadline", "id": 4}
2026-09-10T07:27:11.565+0300	DEBUG	bft/view.go:677	DecisionsPerLeader is 0, hence leader rotation is inactive	{"t": "TestFourNodePrepareQuorumDoesNotWaitForDeadline", "id": 4}
2026-09-10T07:27:11.570+0300	DEBUG	wal/writeaheadlog.go:485	LogRecord appended successfully: total size=216, recordLength=204, dataCRC=B3A8A92C; file=/var/folders/p4/74h8vgj146b3pm64t_tss0rm0000gn/T/TestFourNodePrepareQuorumDoesNotWaitForDeadline3216875796/node3/0000000000000001.wal, new-offset=232	{"t": "TestFourNodePrepareQuorumDoesNotWaitForDeadline", "id": 3}
2026-09-10T07:27:11.570+0300	DEBUG	wal/writeaheadlog.go:485	LogRecord appended successfully: total size=216, recordLength=204, dataCRC=B3A8A92C; file=/var/folders/p4/74h8vgj146b3pm64t_tss0rm0000gn/T/TestFourNodePrepareQuorumDoesNotWaitForDeadline3216875796/node2/0000000000000001.wal, new-offset=232	{"t": "TestFourNodePrepareQuorumDoesNotWaitForDeadline", "id": 2}
2026-09-10T07:27:11.571+0300	INFO	bft/view.go:431	Processed proposal with seq 1	{"t": "TestFourNodePrepareQuorumDoesNotWaitForDeadline", "id": 3}
2026-09-10T07:27:11.571+0300	INFO	bft/view.go:431	Processed proposal with seq 1	{"t": "TestFourNodePrepareQuorumDoesNotWaitForDeadline", "id": 2}
2026-09-10T07:27:11.571+0300	DEBUG	bft/view.go:228	3 got message prepare:{seq:1  digest:"f8c03de5bfe9a12047b4dcdf42ccedaa29619406c0c2818ddd6dbae10c35829d"} from 1 with seq 1	{"t": "TestFourNodePrepareQuorumDoesNotWaitForDeadline", "id": 3}
2026-09-10T07:27:11.571+0300	INFO	bft/view.go:467	3 collecting 2 remote prepares for proposal with seq 1; timeout 5m0s	{"t": "TestFourNodePrepareQuorumDoesNotWaitForDeadline", "id": 3}
2026-09-10T07:27:11.571+0300	INFO	bft/view.go:467	2 collecting 2 remote prepares for proposal with seq 1; timeout 5m0s	{"t": "TestFourNodePrepareQuorumDoesNotWaitForDeadline", "id": 2}
2026-09-10T07:27:11.571+0300	DEBUG	bft/controller.go:331	4 got message from 2: prepare:{seq:1  digest:"f8c03de5bfe9a12047b4dcdf42ccedaa29619406c0c2818ddd6dbae10c35829d"}	{"t": "TestFourNodePrepareQuorumDoesNotWaitForDeadline", "id": 4}
2026-09-10T07:27:11.571+0300	DEBUG	bft/controller.go:331	3 got message from 2: prepare:{seq:1  digest:"f8c03de5bfe9a12047b4dcdf42ccedaa29619406c0c2818ddd6dbae10c35829d"}	{"t": "TestFourNodePrepareQuorumDoesNotWaitForDeadline", "id": 3}
2026-09-10T07:27:11.571+0300	DEBUG	bft/controller.go:331	4 got message from 3: prepare:{seq:1  digest:"f8c03de5bfe9a12047b4dcdf42ccedaa29619406c0c2818ddd6dbae10c35829d"}	{"t": "TestFourNodePrepareQuorumDoesNotWaitForDeadline", "id": 4}
2026-09-10T07:27:11.571+0300	DEBUG	bft/controller.go:331	1 got message from 2: prepare:{seq:1  digest:"f8c03de5bfe9a12047b4dcdf42ccedaa29619406c0c2818ddd6dbae10c35829d"}	{"t": "TestFourNodePrepareQuorumDoesNotWaitForDeadline", "id": 1}
2026-09-10T07:27:11.571+0300	DEBUG	bft/view.go:228	3 got message prepare:{seq:1  digest:"f8c03de5bfe9a12047b4dcdf42ccedaa29619406c0c2818ddd6dbae10c35829d"} from 2 with seq 1	{"t": "TestFourNodePrepareQuorumDoesNotWaitForDeadline", "id": 3}
2026-09-10T07:27:11.571+0300	DEBUG	bft/controller.go:331	2 got message from 3: prepare:{seq:1  digest:"f8c03de5bfe9a12047b4dcdf42ccedaa29619406c0c2818ddd6dbae10c35829d"}	{"t": "TestFourNodePrepareQuorumDoesNotWaitForDeadline", "id": 2}
2026-09-10T07:27:11.571+0300	INFO	bft/view.go:489	3 collected 2 prepares from [1 2]	{"t": "TestFourNodePrepareQuorumDoesNotWaitForDeadline", "id": 3}
2026-09-10T07:27:11.571+0300	DEBUG	bft/controller.go:331	1 got message from 3: prepare:{seq:1  digest:"f8c03de5bfe9a12047b4dcdf42ccedaa29619406c0c2818ddd6dbae10c35829d"}	{"t": "TestFourNodePrepareQuorumDoesNotWaitForDeadline", "id": 1}
2026-09-10T07:27:11.571+0300	DEBUG	bft/view.go:228	1 got message prepare:{seq:1  digest:"f8c03de5bfe9a12047b4dcdf42ccedaa29619406c0c2818ddd6dbae10c35829d"} from 2 with seq 1	{"t": "TestFourNodePrepareQuorumDoesNotWaitForDeadline", "id": 1}
2026-09-10T07:27:11.571+0300	DEBUG	bft/view.go:228	2 got message prepare:{seq:1  digest:"f8c03de5bfe9a12047b4dcdf42ccedaa29619406c0c2818ddd6dbae10c35829d"} from 3 with seq 1	{"t": "TestFourNodePrepareQuorumDoesNotWaitForDeadline", "id": 2}
2026-09-10T07:27:11.571+0300	INFO	bft/view.go:489	2 collected 2 prepares from [1 3]	{"t": "TestFourNodePrepareQuorumDoesNotWaitForDeadline", "id": 2}
2026-09-10T07:27:11.571+0300	DEBUG	bft/view.go:228	1 got message prepare:{seq:1  digest:"f8c03de5bfe9a12047b4dcdf42ccedaa29619406c0c2818ddd6dbae10c35829d"} from 3 with seq 1	{"t": "TestFourNodePrepareQuorumDoesNotWaitForDeadline", "id": 1}
2026-09-10T07:27:11.571+0300	INFO	bft/view.go:489	1 collected 2 prepares from [2 3]	{"t": "TestFourNodePrepareQuorumDoesNotWaitForDeadline", "id": 1}
2026-09-10T07:27:11.576+0300	DEBUG	wal/writeaheadlog.go:485	LogRecord appended successfully: total size=216, recordLength=204, dataCRC=B3A8A92C; file=/var/folders/p4/74h8vgj146b3pm64t_tss0rm0000gn/T/TestFourNodePrepareQuorumDoesNotWaitForDeadline3216875796/node4/0000000000000001.wal, new-offset=232	{"t": "TestFourNodePrepareQuorumDoesNotWaitForDeadline", "id": 4}
2026-09-10T07:27:11.577+0300	INFO	bft/view.go:431	Processed proposal with seq 1	{"t": "TestFourNodePrepareQuorumDoesNotWaitForDeadline", "id": 4}
2026-09-10T07:27:11.577+0300	DEBUG	bft/view.go:228	4 got message prepare:{seq:1  digest:"f8c03de5bfe9a12047b4dcdf42ccedaa29619406c0c2818ddd6dbae10c35829d"} from 1 with seq 1	{"t": "TestFourNodePrepareQuorumDoesNotWaitForDeadline", "id": 4}
2026-09-10T07:27:11.577+0300	DEBUG	bft/view.go:228	4 got message prepare:{seq:1  digest:"f8c03de5bfe9a12047b4dcdf42ccedaa29619406c0c2818ddd6dbae10c35829d"} from 2 with seq 1	{"t": "TestFourNodePrepareQuorumDoesNotWaitForDeadline", "id": 4}
2026-09-10T07:27:11.577+0300	DEBUG	bft/view.go:228	4 got message prepare:{seq:1  digest:"f8c03de5bfe9a12047b4dcdf42ccedaa29619406c0c2818ddd6dbae10c35829d"} from 3 with seq 1	{"t": "TestFourNodePrepareQuorumDoesNotWaitForDeadline", "id": 4}
2026-09-10T07:27:11.577+0300	INFO	bft/view.go:467	4 collecting 2 remote prepares for proposal with seq 1; timeout 5m0s	{"t": "TestFourNodePrepareQuorumDoesNotWaitForDeadline", "id": 4}
2026-09-10T07:27:11.577+0300	DEBUG	bft/controller.go:331	1 got message from 4: prepare:{seq:1  digest:"f8c03de5bfe9a12047b4dcdf42ccedaa29619406c0c2818ddd6dbae10c35829d"}	{"t": "TestFourNodePrepareQuorumDoesNotWaitForDeadline", "id": 1}
2026-09-10T07:27:11.577+0300	INFO	bft/view.go:489	4 collected 2 prepares from [1 2]	{"t": "TestFourNodePrepareQuorumDoesNotWaitForDeadline", "id": 4}
2026-09-10T07:27:11.577+0300	DEBUG	bft/controller.go:331	2 got message from 4: prepare:{seq:1  digest:"f8c03de5bfe9a12047b4dcdf42ccedaa29619406c0c2818ddd6dbae10c35829d"}	{"t": "TestFourNodePrepareQuorumDoesNotWaitForDeadline", "id": 2}
2026-09-10T07:27:11.577+0300	DEBUG	bft/controller.go:331	3 got message from 4: prepare:{seq:1  digest:"f8c03de5bfe9a12047b4dcdf42ccedaa29619406c0c2818ddd6dbae10c35829d"}	{"t": "TestFourNodePrepareQuorumDoesNotWaitForDeadline", "id": 3}
2026-09-10T07:27:11.594+0300	DEBUG	wal/writeaheadlog.go:485	LogRecord appended successfully: total size=96, recordLength=84, dataCRC=A8A6EBB7; file=/var/folders/p4/74h8vgj146b3pm64t_tss0rm0000gn/T/TestFourNodePrepareQuorumDoesNotWaitForDeadline3216875796/node1/0000000000000001.wal, new-offset=328	{"t": "TestFourNodePrepareQuorumDoesNotWaitForDeadline", "id": 1}
2026-09-10T07:27:11.594+0300	DEBUG	wal/writeaheadlog.go:485	LogRecord appended successfully: total size=96, recordLength=84, dataCRC=65658AE6; file=/var/folders/p4/74h8vgj146b3pm64t_tss0rm0000gn/T/TestFourNodePrepareQuorumDoesNotWaitForDeadline3216875796/node4/0000000000000001.wal, new-offset=328	{"t": "TestFourNodePrepareQuorumDoesNotWaitForDeadline", "id": 4}
2026-09-10T07:27:11.594+0300	DEBUG	wal/writeaheadlog.go:485	LogRecord appended successfully: total size=96, recordLength=84, dataCRC=8F04D6B2; file=/var/folders/p4/74h8vgj146b3pm64t_tss0rm0000gn/T/TestFourNodePrepareQuorumDoesNotWaitForDeadline3216875796/node3/0000000000000001.wal, new-offset=328	{"t": "TestFourNodePrepareQuorumDoesNotWaitForDeadline", "id": 3}
2026-09-10T07:27:11.594+0300	INFO	bft/view.go:541	Processed prepares for proposal with seq 1	{"t": "TestFourNodePrepareQuorumDoesNotWaitForDeadline", "id": 4}
2026-09-10T07:27:11.594+0300	INFO	bft/view.go:541	Processed prepares for proposal with seq 1	{"t": "TestFourNodePrepareQuorumDoesNotWaitForDeadline", "id": 3}
2026-09-10T07:27:11.594+0300	INFO	bft/view.go:541	Processed prepares for proposal with seq 1	{"t": "TestFourNodePrepareQuorumDoesNotWaitForDeadline", "id": 1}
2026-09-10T07:27:11.594+0300	DEBUG	bft/view.go:228	3 got message prepare:{seq:1  digest:"f8c03de5bfe9a12047b4dcdf42ccedaa29619406c0c2818ddd6dbae10c35829d"} from 4 with seq 1	{"t": "TestFourNodePrepareQuorumDoesNotWaitForDeadline", "id": 3}
2026-09-10T07:27:11.594+0300	DEBUG	wal/writeaheadlog.go:485	LogRecord appended successfully: total size=96, recordLength=84, dataCRC=20644EDF; file=/var/folders/p4/74h8vgj146b3pm64t_tss0rm0000gn/T/TestFourNodePrepareQuorumDoesNotWaitForDeadline3216875796/node2/0000000000000001.wal, new-offset=328	{"t": "TestFourNodePrepareQuorumDoesNotWaitForDeadline", "id": 2}
2026-09-10T07:27:11.595+0300	DEBUG	bft/controller.go:331	2 got message from 4: commit:{seq:1  digest:"f8c03de5bfe9a12047b4dcdf42ccedaa29619406c0c2818ddd6dbae10c35829d"  signature:{signer:4  msg:"\n\x02\x01\x02"}}	{"t": "TestFourNodePrepareQuorumDoesNotWaitForDeadline", "id": 2}
2026-09-10T07:27:11.595+0300	DEBUG	bft/controller.go:331	2 got message from 3: commit:{seq:1  digest:"f8c03de5bfe9a12047b4dcdf42ccedaa29619406c0c2818ddd6dbae10c35829d"  signature:{signer:3  msg:"\n\x02\x01\x02"}}	{"t": "TestFourNodePrepareQuorumDoesNotWaitForDeadline", "id": 2}
2026-09-10T07:27:11.595+0300	DEBUG	bft/controller.go:331	4 got message from 3: commit:{seq:1  digest:"f8c03de5bfe9a12047b4dcdf42ccedaa29619406c0c2818ddd6dbae10c35829d"  signature:{signer:3  msg:"\n\x02\x01\x02"}}	{"t": "TestFourNodePrepareQuorumDoesNotWaitForDeadline", "id": 4}
2026-09-10T07:27:11.595+0300	DEBUG	bft/controller.go:331	3 got message from 4: commit:{seq:1  digest:"f8c03de5bfe9a12047b4dcdf42ccedaa29619406c0c2818ddd6dbae10c35829d"  signature:{signer:4  msg:"\n\x02\x01\x02"}}	{"t": "TestFourNodePrepareQuorumDoesNotWaitForDeadline", "id": 3}
2026-09-10T07:27:11.595+0300	INFO	bft/view.go:541	Processed prepares for proposal with seq 1	{"t": "TestFourNodePrepareQuorumDoesNotWaitForDeadline", "id": 2}
2026-09-10T07:27:11.595+0300	DEBUG	bft/view.go:228	3 got message commit:{seq:1  digest:"f8c03de5bfe9a12047b4dcdf42ccedaa29619406c0c2818ddd6dbae10c35829d"  signature:{signer:4  msg:"\n\x02\x01\x02"}} from 4 with seq 1	{"t": "TestFourNodePrepareQuorumDoesNotWaitForDeadline", "id": 3}
2026-09-10T07:27:11.595+0300	DEBUG	bft/view.go:228	2 got message prepare:{seq:1  digest:"f8c03de5bfe9a12047b4dcdf42ccedaa29619406c0c2818ddd6dbae10c35829d"} from 4 with seq 1	{"t": "TestFourNodePrepareQuorumDoesNotWaitForDeadline", "id": 2}
2026-09-10T07:27:11.595+0300	DEBUG	bft/view.go:228	4 got message commit:{seq:1  digest:"f8c03de5bfe9a12047b4dcdf42ccedaa29619406c0c2818ddd6dbae10c35829d"  signature:{signer:3  msg:"\n\x02\x01\x02"}} from 3 with seq 1	{"t": "TestFourNodePrepareQuorumDoesNotWaitForDeadline", "id": 4}
2026-09-10T07:27:11.595+0300	DEBUG	bft/view.go:228	1 got message prepare:{seq:1  digest:"f8c03de5bfe9a12047b4dcdf42ccedaa29619406c0c2818ddd6dbae10c35829d"} from 4 with seq 1	{"t": "TestFourNodePrepareQuorumDoesNotWaitForDeadline", "id": 1}
2026-09-10T07:27:11.595+0300	DEBUG	bft/view.go:228	2 got message commit:{seq:1  digest:"f8c03de5bfe9a12047b4dcdf42ccedaa29619406c0c2818ddd6dbae10c35829d"  signature:{signer:4  msg:"\n\x02\x01\x02"}} from 4 with seq 1	{"t": "TestFourNodePrepareQuorumDoesNotWaitForDeadline", "id": 2}
2026-09-10T07:27:11.595+0300	DEBUG	bft/view.go:228	2 got message commit:{seq:1  digest:"f8c03de5bfe9a12047b4dcdf42ccedaa29619406c0c2818ddd6dbae10c35829d"  signature:{signer:3  msg:"\n\x02\x01\x02"}} from 3 with seq 1	{"t": "TestFourNodePrepareQuorumDoesNotWaitForDeadline", "id": 2}
2026-09-10T07:27:11.595+0300	DEBUG	bft/controller.go:331	2 got message from 1: commit:{seq:1  digest:"f8c03de5bfe9a12047b4dcdf42ccedaa29619406c0c2818ddd6dbae10c35829d"  signature:{signer:1  msg:"\n\x02\x02\x03"}}	{"t": "TestFourNodePrepareQuorumDoesNotWaitForDeadline", "id": 2}
2026-09-10T07:27:11.595+0300	DEBUG	bft/controller.go:331	1 got message from 4: commit:{seq:1  digest:"f8c03de5bfe9a12047b4dcdf42ccedaa29619406c0c2818ddd6dbae10c35829d"  signature:{signer:4  msg:"\n\x02\x01\x02"}}	{"t": "TestFourNodePrepareQuorumDoesNotWaitForDeadline", "id": 1}
2026-09-10T07:27:11.595+0300	DEBUG	bft/controller.go:331	3 got message from 1: commit:{seq:1  digest:"f8c03de5bfe9a12047b4dcdf42ccedaa29619406c0c2818ddd6dbae10c35829d"  signature:{signer:1  msg:"\n\x02\x02\x03"}}	{"t": "TestFourNodePrepareQuorumDoesNotWaitForDeadline", "id": 3}
2026-09-10T07:27:11.595+0300	DEBUG	bft/view.go:228	2 got message commit:{seq:1  digest:"f8c03de5bfe9a12047b4dcdf42ccedaa29619406c0c2818ddd6dbae10c35829d"  signature:{signer:1  msg:"\n\x02\x02\x03"}} from 1 with seq 1	{"t": "TestFourNodePrepareQuorumDoesNotWaitForDeadline", "id": 2}
2026-09-10T07:27:11.595+0300	DEBUG	bft/controller.go:331	1 got message from 3: commit:{seq:1  digest:"f8c03de5bfe9a12047b4dcdf42ccedaa29619406c0c2818ddd6dbae10c35829d"  signature:{signer:3  msg:"\n\x02\x01\x02"}}	{"t": "TestFourNodePrepareQuorumDoesNotWaitForDeadline", "id": 1}
2026-09-10T07:27:11.595+0300	DEBUG	bft/controller.go:331	3 got message from 2: commit:{seq:1  digest:"f8c03de5bfe9a12047b4dcdf42ccedaa29619406c0c2818ddd6dbae10c35829d"  signature:{signer:2  msg:"\n\x02\x01\x03"}}	{"t": "TestFourNodePrepareQuorumDoesNotWaitForDeadline", "id": 3}
2026-09-10T07:27:11.595+0300	DEBUG	bft/view.go:228	3 got message commit:{seq:1  digest:"f8c03de5bfe9a12047b4dcdf42ccedaa29619406c0c2818ddd6dbae10c35829d"  signature:{signer:1  msg:"\n\x02\x02\x03"}} from 1 with seq 1	{"t": "TestFourNodePrepareQuorumDoesNotWaitForDeadline", "id": 3}
2026-09-10T07:27:11.595+0300	DEBUG	bft/controller.go:331	1 got message from 2: commit:{seq:1  digest:"f8c03de5bfe9a12047b4dcdf42ccedaa29619406c0c2818ddd6dbae10c35829d"  signature:{signer:2  msg:"\n\x02\x01\x03"}}	{"t": "TestFourNodePrepareQuorumDoesNotWaitForDeadline", "id": 1}
2026-09-10T07:27:11.595+0300	DEBUG	bft/view.go:228	1 got message commit:{seq:1  digest:"f8c03de5bfe9a12047b4dcdf42ccedaa29619406c0c2818ddd6dbae10c35829d"  signature:{signer:4  msg:"\n\x02\x01\x02"}} from 4 with seq 1	{"t": "TestFourNodePrepareQuorumDoesNotWaitForDeadline", "id": 1}
2026-09-10T07:27:11.595+0300	DEBUG	bft/heartbeatmonitor.go:255	Received heartbeat from 1, last heartbeat was 0s ago	{"t": "TestFourNodePrepareQuorumDoesNotWaitForDeadline", "id": 2}
2026-09-10T07:27:11.595+0300	DEBUG	bft/view.go:228	1 got message commit:{seq:1  digest:"f8c03de5bfe9a12047b4dcdf42ccedaa29619406c0c2818ddd6dbae10c35829d"  signature:{signer:3  msg:"\n\x02\x01\x02"}} from 3 with seq 1	{"t": "TestFourNodePrepareQuorumDoesNotWaitForDeadline", "id": 1}
2026-09-10T07:27:11.595+0300	INFO	bft/view.go:574	2 collected 2 commits from [1 4]	{"t": "TestFourNodePrepareQuorumDoesNotWaitForDeadline", "id": 2}
2026-09-10T07:27:11.595+0300	DEBUG	bft/heartbeatmonitor.go:255	Received heartbeat from 1, last heartbeat was 0s ago	{"t": "TestFourNodePrepareQuorumDoesNotWaitForDeadline", "id": 3}
2026-09-10T07:27:11.595+0300	DEBUG	bft/view.go:228	1 got message commit:{seq:1  digest:"f8c03de5bfe9a12047b4dcdf42ccedaa29619406c0c2818ddd6dbae10c35829d"  signature:{signer:2  msg:"\n\x02\x01\x03"}} from 2 with seq 1	{"t": "TestFourNodePrepareQuorumDoesNotWaitForDeadline", "id": 1}
2026-09-10T07:27:11.595+0300	DEBUG	bft/view.go:228	3 got message commit:{seq:1  digest:"f8c03de5bfe9a12047b4dcdf42ccedaa29619406c0c2818ddd6dbae10c35829d"  signature:{signer:2  msg:"\n\x02\x01\x03"}} from 2 with seq 1	{"t": "TestFourNodePrepareQuorumDoesNotWaitForDeadline", "id": 3}
2026-09-10T07:27:11.595+0300	INFO	bft/view.go:574	3 collected 2 commits from [4 2]	{"t": "TestFourNodePrepareQuorumDoesNotWaitForDeadline", "id": 3}
2026-09-10T07:27:11.595+0300	DEBUG	bft/controller.go:331	4 got message from 1: commit:{seq:1  digest:"f8c03de5bfe9a12047b4dcdf42ccedaa29619406c0c2818ddd6dbae10c35829d"  signature:{signer:1  msg:"\n\x02\x02\x03"}}	{"t": "TestFourNodePrepareQuorumDoesNotWaitForDeadline", "id": 4}
2026-09-10T07:27:11.595+0300	INFO	bft/view.go:341	3 processed commits for proposal with seq 1	{"t": "TestFourNodePrepareQuorumDoesNotWaitForDeadline", "id": 3}
2026-09-10T07:27:11.595+0300	INFO	bft/view.go:878	Deciding on seq 1	{"t": "TestFourNodePrepareQuorumDoesNotWaitForDeadline", "id": 3}
2026-09-10T07:27:11.595+0300	INFO	bft/view.go:897	Sequence: 1-->2	{"t": "TestFourNodePrepareQuorumDoesNotWaitForDeadline", "id": 3}
2026-09-10T07:27:11.595+0300	DEBUG	bft/controller.go:331	4 got message from 2: commit:{seq:1  digest:"f8c03de5bfe9a12047b4dcdf42ccedaa29619406c0c2818ddd6dbae10c35829d"  signature:{signer:2  msg:"\n\x02\x01\x03"}}	{"t": "TestFourNodePrepareQuorumDoesNotWaitForDeadline", "id": 4}
2026-09-10T07:27:11.595+0300	DEBUG	bft/view.go:228	4 got message commit:{seq:1  digest:"f8c03de5bfe9a12047b4dcdf42ccedaa29619406c0c2818ddd6dbae10c35829d"  signature:{signer:1  msg:"\n\x02\x02\x03"}} from 1 with seq 1	{"t": "TestFourNodePrepareQuorumDoesNotWaitForDeadline", "id": 4}
2026-09-10T07:27:11.595+0300	DEBUG	bft/heartbeatmonitor.go:255	Received heartbeat from 1, last heartbeat was 0s ago	{"t": "TestFourNodePrepareQuorumDoesNotWaitForDeadline", "id": 4}
2026-09-10T07:27:11.595+0300	INFO	bft/view.go:341	2 processed commits for proposal with seq 1	{"t": "TestFourNodePrepareQuorumDoesNotWaitForDeadline", "id": 2}
2026-09-10T07:27:11.595+0300	DEBUG	bft/view.go:228	4 got message commit:{seq:1  digest:"f8c03de5bfe9a12047b4dcdf42ccedaa29619406c0c2818ddd6dbae10c35829d"  signature:{signer:2  msg:"\n\x02\x01\x03"}} from 2 with seq 1	{"t": "TestFourNodePrepareQuorumDoesNotWaitForDeadline", "id": 4}
2026-09-10T07:27:11.595+0300	INFO	bft/view.go:574	1 collected 2 commits from [2 4]	{"t": "TestFourNodePrepareQuorumDoesNotWaitForDeadline", "id": 1}
2026-09-10T07:27:11.595+0300	DEBUG	bft/controller.go:538	Delivering to app from Controller decide the last decision proposal	{"t": "TestFourNodePrepareQuorumDoesNotWaitForDeadline", "id": 3}
2026-09-10T07:27:11.595+0300	INFO	bft/view.go:341	1 processed commits for proposal with seq 1	{"t": "TestFourNodePrepareQuorumDoesNotWaitForDeadline", "id": 1}
2026-09-10T07:27:11.595+0300	INFO	bft/view.go:878	Deciding on seq 1	{"t": "TestFourNodePrepareQuorumDoesNotWaitForDeadline", "id": 1}
2026-09-10T07:27:11.595+0300	INFO	bft/view.go:897	Sequence: 1-->2	{"t": "TestFourNodePrepareQuorumDoesNotWaitForDeadline", "id": 1}
2026-09-10T07:27:11.595+0300	INFO	bft/view.go:878	Deciding on seq 1	{"t": "TestFourNodePrepareQuorumDoesNotWaitForDeadline", "id": 2}
2026-09-10T07:27:11.595+0300	DEBUG	bft/controller.go:538	Delivering to app from Controller decide the last decision proposal	{"t": "TestFourNodePrepareQuorumDoesNotWaitForDeadline", "id": 1}
2026-09-10T07:27:11.595+0300	INFO	bft/view.go:897	Sequence: 1-->2	{"t": "TestFourNodePrepareQuorumDoesNotWaitForDeadline", "id": 2}
2026-09-10T07:27:11.595+0300	INFO	bft/view.go:574	4 collected 2 commits from [3 2]	{"t": "TestFourNodePrepareQuorumDoesNotWaitForDeadline", "id": 4}
2026-09-10T07:27:11.595+0300	INFO	bft/view.go:341	4 processed commits for proposal with seq 1	{"t": "TestFourNodePrepareQuorumDoesNotWaitForDeadline", "id": 4}
2026-09-10T07:27:11.595+0300	DEBUG	bft/controller.go:538	Delivering to app from Controller decide the last decision proposal	{"t": "TestFourNodePrepareQuorumDoesNotWaitForDeadline", "id": 2}
2026-09-10T07:27:11.595+0300	INFO	bft/view.go:878	Deciding on seq 1	{"t": "TestFourNodePrepareQuorumDoesNotWaitForDeadline", "id": 4}
2026-09-10T07:27:11.595+0300	INFO	bft/view.go:897	Sequence: 1-->2	{"t": "TestFourNodePrepareQuorumDoesNotWaitForDeadline", "id": 4}
2026-09-10T07:27:11.595+0300	DEBUG	bft/controller.go:538	Delivering to app from Controller decide the last decision proposal	{"t": "TestFourNodePrepareQuorumDoesNotWaitForDeadline", "id": 4}
2026-09-10T07:27:11.595+0300	DEBUG	test/test_app.go:310	Deliver view 0 last seq 1 prevSeq 0	{"t": "TestFourNodePrepareQuorumDoesNotWaitForDeadline", "id": 3}
2026-09-10T07:27:11.595+0300	DEBUG	bft/controller.go:543	Node 3 delivered proposal	{"t": "TestFourNodePrepareQuorumDoesNotWaitForDeadline", "id": 3}
2026-09-10T07:27:11.595+0300	DEBUG	test/test_app.go:310	Deliver view 0 last seq 1 prevSeq 0	{"t": "TestFourNodePrepareQuorumDoesNotWaitForDeadline", "id": 4}
2026-09-10T07:27:11.595+0300	DEBUG	bft/requestpool.go:382	request {mwvn-ingress approved-qc-normal} is not in the pool at remove time	{"t": "TestFourNodePrepareQuorumDoesNotWaitForDeadline", "id": 3}
2026-09-10T07:27:11.595+0300	DEBUG	bft/controller.go:543	Node 4 delivered proposal	{"t": "TestFourNodePrepareQuorumDoesNotWaitForDeadline", "id": 4}
2026-09-10T07:27:11.595+0300	DEBUG	bft/requestpool.go:382	request {mwvn-ingress approved-qc-normal} is not in the pool at remove time	{"t": "TestFourNodePrepareQuorumDoesNotWaitForDeadline", "id": 4}
2026-09-10T07:27:11.595+0300	DEBUG	test/test_app.go:310	Deliver view 0 last seq 1 prevSeq 0	{"t": "TestFourNodePrepareQuorumDoesNotWaitForDeadline", "id": 1}
2026-09-10T07:27:11.595+0300	DEBUG	bft/controller.go:907	Request {mwvn-ingress approved-qc-normal} wasn't found in the pool : request {mwvn-ingress approved-qc-normal} is not in the pool at remove time	{"t": "TestFourNodePrepareQuorumDoesNotWaitForDeadline", "id": 4}
2026-09-10T07:27:11.595+0300	DEBUG	test/test_app.go:310	Deliver view 0 last seq 1 prevSeq 0	{"t": "TestFourNodePrepareQuorumDoesNotWaitForDeadline", "id": 2}
2026-09-10T07:27:11.595+0300	DEBUG	bft/controller.go:907	Request {mwvn-ingress approved-qc-normal} wasn't found in the pool : request {mwvn-ingress approved-qc-normal} is not in the pool at remove time	{"t": "TestFourNodePrepareQuorumDoesNotWaitForDeadline", "id": 3}
2026-09-10T07:27:11.595+0300	DEBUG	bft/controller.go:543	Node 1 delivered proposal	{"t": "TestFourNodePrepareQuorumDoesNotWaitForDeadline", "id": 1}
2026-09-10T07:27:11.595+0300	DEBUG	bft/controller.go:572	view(0) + (decisionsInView(1) / decisionsPerLeader(0)), N(4), blacklist([])	{"t": "TestFourNodePrepareQuorumDoesNotWaitForDeadline", "id": 3}
2026-09-10T07:27:11.595+0300	DEBUG	bft/controller.go:543	Node 2 delivered proposal	{"t": "TestFourNodePrepareQuorumDoesNotWaitForDeadline", "id": 2}
2026-09-10T07:27:11.595+0300	DEBUG	bft/requestpool.go:400	Removed request {mwvn-ingress approved-qc-normal} from request pool	{"t": "TestFourNodePrepareQuorumDoesNotWaitForDeadline", "id": 1}
2026-09-10T07:27:11.595+0300	DEBUG	bft/requestpool.go:382	request {mwvn-ingress approved-qc-normal} is not in the pool at remove time	{"t": "TestFourNodePrepareQuorumDoesNotWaitForDeadline", "id": 2}
2026-09-10T07:27:11.595+0300	DEBUG	bft/controller.go:572	view(0) + (decisionsInView(1) / decisionsPerLeader(0)), N(4), blacklist([])	{"t": "TestFourNodePrepareQuorumDoesNotWaitForDeadline", "id": 4}
2026-09-10T07:27:11.595+0300	DEBUG	bft/controller.go:907	Request {mwvn-ingress approved-qc-normal} wasn't found in the pool : request {mwvn-ingress approved-qc-normal} is not in the pool at remove time	{"t": "TestFourNodePrepareQuorumDoesNotWaitForDeadline", "id": 2}
2026-09-10T07:27:11.595+0300	DEBUG	bft/controller.go:572	view(0) + (decisionsInView(1) / decisionsPerLeader(0)), N(4), blacklist([])	{"t": "TestFourNodePrepareQuorumDoesNotWaitForDeadline", "id": 1}
2026-09-10T07:27:11.595+0300	DEBUG	bft/controller.go:572	view(0) + (decisionsInView(1) / decisionsPerLeader(0)), N(4), blacklist([])	{"t": "TestFourNodePrepareQuorumDoesNotWaitForDeadline", "id": 2}
    prepare_timeout_test.go:78: scenario=normal-four-node configured_prepare_timeout=5m0s result=committed elapsed=40.441791ms
2026-09-10T07:27:11.596+0300	INFO	bft/controller.go:502	Exiting controller run; ID: 1	{"t": "TestFourNodePrepareQuorumDoesNotWaitForDeadline", "id": 1}
2026-09-10T07:27:11.596+0300	INFO	consensus/consensus.go:169	Exiting consensus run; ID: 1	{"t": "TestFourNodePrepareQuorumDoesNotWaitForDeadline", "id": 1}
2026-09-10T07:27:11.596+0300	INFO	bft/controller.go:502	Exiting controller run; ID: 2	{"t": "TestFourNodePrepareQuorumDoesNotWaitForDeadline", "id": 2}
2026-09-10T07:27:11.596+0300	INFO	consensus/consensus.go:169	Exiting consensus run; ID: 2	{"t": "TestFourNodePrepareQuorumDoesNotWaitForDeadline", "id": 2}
2026-09-10T07:27:11.596+0300	INFO	bft/controller.go:502	Exiting controller run; ID: 3	{"t": "TestFourNodePrepareQuorumDoesNotWaitForDeadline", "id": 3}
2026-09-10T07:27:11.596+0300	INFO	consensus/consensus.go:169	Exiting consensus run; ID: 3	{"t": "TestFourNodePrepareQuorumDoesNotWaitForDeadline", "id": 3}
2026-09-10T07:27:11.596+0300	INFO	bft/controller.go:502	Exiting controller run; ID: 4	{"t": "TestFourNodePrepareQuorumDoesNotWaitForDeadline", "id": 4}
2026-09-10T07:27:11.596+0300	INFO	consensus/consensus.go:169	Exiting consensus run; ID: 4	{"t": "TestFourNodePrepareQuorumDoesNotWaitForDeadline", "id": 4}
--- PASS: TestFourNodePrepareQuorumDoesNotWaitForDeadline (0.87s)
PASS
ok  	github.com/hyperledger-labs/SmartBFT/test	1.423s
