=== RUN   TestBasic
=== PAUSE TestBasic
=== CONT  TestBasic
2026-09-10T07:00:25.954+0300	INFO	wal/writeaheadlog.go:765	Trying to creating a Write-Ahead-Log at dir: /var/folders/p4/74h8vgj146b3pm64t_tss0rm0000gn/T/TestBasic1395581641/node1	{"t": "TestBasic", "id": 1}
2026-09-10T07:00:25.955+0300	DEBUG	wal/writeaheadlog.go:766	Write-Ahead-Log options: {FileSizeBytes: 0, BufferSizeBytes: 0}	{"t": "TestBasic", "id": 1}
2026-09-10T07:00:25.963+0300	DEBUG	wal/writeaheadlog.go:755	CRC-Anchor DEED0001 written to file: /var/folders/p4/74h8vgj146b3pm64t_tss0rm0000gn/T/TestBasic1395581641/node1/0000000000000001.wal, at offset 0, size=16	{"t": "TestBasic", "id": 1}
2026-09-10T07:00:25.963+0300	INFO	wal/writeaheadlog.go:192	Write-Ahead-Log created successfully, mode: WRITE, dir: /var/folders/p4/74h8vgj146b3pm64t_tss0rm0000gn/T/TestBasic1395581641/node1	{"t": "TestBasic", "id": 1}
2026-09-10T07:00:25.963+0300	INFO	wal/writeaheadlog.go:803	Write-Ahead-Log initialized successfully, initial state contains 0 entries	{"t": "TestBasic", "id": 1}
2026-09-10T07:00:25.963+0300	INFO	wal/writeaheadlog.go:765	Trying to creating a Write-Ahead-Log at dir: /var/folders/p4/74h8vgj146b3pm64t_tss0rm0000gn/T/TestBasic1395581641/node2	{"t": "TestBasic", "id": 2}
2026-09-10T07:00:25.963+0300	DEBUG	wal/writeaheadlog.go:766	Write-Ahead-Log options: {FileSizeBytes: 0, BufferSizeBytes: 0}	{"t": "TestBasic", "id": 2}
2026-09-10T07:00:25.969+0300	DEBUG	wal/writeaheadlog.go:755	CRC-Anchor DEED0001 written to file: /var/folders/p4/74h8vgj146b3pm64t_tss0rm0000gn/T/TestBasic1395581641/node2/0000000000000001.wal, at offset 0, size=16	{"t": "TestBasic", "id": 2}
2026-09-10T07:00:25.969+0300	INFO	wal/writeaheadlog.go:192	Write-Ahead-Log created successfully, mode: WRITE, dir: /var/folders/p4/74h8vgj146b3pm64t_tss0rm0000gn/T/TestBasic1395581641/node2	{"t": "TestBasic", "id": 2}
2026-09-10T07:00:25.969+0300	INFO	wal/writeaheadlog.go:803	Write-Ahead-Log initialized successfully, initial state contains 0 entries	{"t": "TestBasic", "id": 2}
2026-09-10T07:00:25.969+0300	INFO	wal/writeaheadlog.go:765	Trying to creating a Write-Ahead-Log at dir: /var/folders/p4/74h8vgj146b3pm64t_tss0rm0000gn/T/TestBasic1395581641/node3	{"t": "TestBasic", "id": 3}
2026-09-10T07:00:25.969+0300	DEBUG	wal/writeaheadlog.go:766	Write-Ahead-Log options: {FileSizeBytes: 0, BufferSizeBytes: 0}	{"t": "TestBasic", "id": 3}
2026-09-10T07:00:25.974+0300	DEBUG	wal/writeaheadlog.go:755	CRC-Anchor DEED0001 written to file: /var/folders/p4/74h8vgj146b3pm64t_tss0rm0000gn/T/TestBasic1395581641/node3/0000000000000001.wal, at offset 0, size=16	{"t": "TestBasic", "id": 3}
2026-09-10T07:00:25.974+0300	INFO	wal/writeaheadlog.go:192	Write-Ahead-Log created successfully, mode: WRITE, dir: /var/folders/p4/74h8vgj146b3pm64t_tss0rm0000gn/T/TestBasic1395581641/node3	{"t": "TestBasic", "id": 3}
2026-09-10T07:00:25.974+0300	INFO	wal/writeaheadlog.go:803	Write-Ahead-Log initialized successfully, initial state contains 0 entries	{"t": "TestBasic", "id": 3}
2026-09-10T07:00:25.974+0300	INFO	wal/writeaheadlog.go:765	Trying to creating a Write-Ahead-Log at dir: /var/folders/p4/74h8vgj146b3pm64t_tss0rm0000gn/T/TestBasic1395581641/node4	{"t": "TestBasic", "id": 4}
2026-09-10T07:00:25.974+0300	DEBUG	wal/writeaheadlog.go:766	Write-Ahead-Log options: {FileSizeBytes: 0, BufferSizeBytes: 0}	{"t": "TestBasic", "id": 4}
2026-09-10T07:00:25.980+0300	DEBUG	wal/writeaheadlog.go:755	CRC-Anchor DEED0001 written to file: /var/folders/p4/74h8vgj146b3pm64t_tss0rm0000gn/T/TestBasic1395581641/node4/0000000000000001.wal, at offset 0, size=16	{"t": "TestBasic", "id": 4}
2026-09-10T07:00:25.980+0300	INFO	wal/writeaheadlog.go:192	Write-Ahead-Log created successfully, mode: WRITE, dir: /var/folders/p4/74h8vgj146b3pm64t_tss0rm0000gn/T/TestBasic1395581641/node4	{"t": "TestBasic", "id": 4}
2026-09-10T07:00:25.980+0300	INFO	wal/writeaheadlog.go:803	Write-Ahead-Log initialized successfully, initial state contains 0 entries	{"t": "TestBasic", "id": 4}
2026-09-10T07:00:25.980+0300	DEBUG	consensus/consensus.go:153	Application started with view 0, seq 0, and decisions 0	{"t": "TestBasic", "id": 1}
2026-09-10T07:00:25.980+0300	INFO	bft/state.go:99	Nothing to restore	{"t": "TestBasic", "id": 1}
2026-09-10T07:00:25.980+0300	DEBUG	consensus/consensus.go:476	No view change to restore	{"t": "TestBasic", "id": 1}
2026-09-10T07:00:25.980+0300	INFO	bft/state.go:80	Nothing to restore	{"t": "TestBasic", "id": 1}
2026-09-10T07:00:25.980+0300	DEBUG	consensus/consensus.go:491	No new view to restore	{"t": "TestBasic", "id": 1}
2026-09-10T07:00:25.980+0300	DEBUG	bft/controller.go:793	Starting controller with view 0, sequence 1, and decisions 0	{"t": "TestBasic", "id": 1}
2026-09-10T07:00:25.980+0300	DEBUG	bft/controller.go:805	The number of nodes (N) is 4, F is 1, and the quorum size is 3	{"t": "TestBasic", "id": 1}
2026-09-10T07:00:25.980+0300	INFO	bft/controller.go:616	Synchronizer returned with an empty proposal metadata	{"t": "TestBasic", "id": 1}
2026-09-10T07:00:25.980+0300	DEBUG	bft/statecollector.go:83	Node 1 started collecting state responses	{"t": "TestBasic", "id": 1}
2026-09-10T07:00:26.181+0300	INFO	bft/statecollector.go:90	Node 1 reached the state collector timeout	{"t": "TestBasic", "id": 1}
2026-09-10T07:00:26.181+0300	INFO	bft/controller.go:653	Fetching state failed	{"t": "TestBasic", "id": 1}
2026-09-10T07:00:26.181+0300	DEBUG	bft/controller.go:812	After sync starting controller with view 0, sequence 1, and decisions 0	{"t": "TestBasic", "id": 1}
2026-09-10T07:00:26.181+0300	INFO	bft/state.go:121	Nothing to restore	{"t": "TestBasic", "id": 1}
2026-09-10T07:00:26.182+0300	DEBUG	bft/controller.go:396	Acquiring leader token when starting view with phase COMMITTED	{"t": "TestBasic", "id": 1}
2026-09-10T07:00:26.182+0300	INFO	bft/heartbeatmonitor.go:185	Changing to leader role, current view: 0, current leader: 1	{"t": "TestBasic", "id": 1}
2026-09-10T07:00:26.182+0300	INFO	bft/controller.go:404	Starting view with number 0, sequence 1, and decisions 0	{"t": "TestBasic", "id": 1}
2026-09-10T07:00:26.182+0300	DEBUG	consensus/consensus.go:153	Application started with view 0, seq 0, and decisions 0	{"t": "TestBasic", "id": 2}
2026-09-10T07:00:26.182+0300	INFO	bft/state.go:99	Nothing to restore	{"t": "TestBasic", "id": 2}
2026-09-10T07:00:26.182+0300	DEBUG	consensus/consensus.go:476	No view change to restore	{"t": "TestBasic", "id": 2}
2026-09-10T07:00:26.182+0300	INFO	bft/state.go:80	Nothing to restore	{"t": "TestBasic", "id": 2}
2026-09-10T07:00:26.182+0300	DEBUG	consensus/consensus.go:491	No new view to restore	{"t": "TestBasic", "id": 2}
2026-09-10T07:00:26.182+0300	DEBUG	bft/controller.go:793	Starting controller with view 0, sequence 1, and decisions 0	{"t": "TestBasic", "id": 2}
2026-09-10T07:00:26.182+0300	DEBUG	bft/controller.go:805	The number of nodes (N) is 4, F is 1, and the quorum size is 3	{"t": "TestBasic", "id": 2}
2026-09-10T07:00:26.182+0300	INFO	bft/controller.go:616	Synchronizer returned with an empty proposal metadata	{"t": "TestBasic", "id": 2}
2026-09-10T07:00:26.182+0300	DEBUG	bft/statecollector.go:83	Node 2 started collecting state responses	{"t": "TestBasic", "id": 2}
2026-09-10T07:00:26.383+0300	INFO	bft/statecollector.go:90	Node 2 reached the state collector timeout	{"t": "TestBasic", "id": 2}
2026-09-10T07:00:26.383+0300	INFO	bft/controller.go:653	Fetching state failed	{"t": "TestBasic", "id": 2}
2026-09-10T07:00:26.383+0300	DEBUG	bft/controller.go:812	After sync starting controller with view 0, sequence 1, and decisions 0	{"t": "TestBasic", "id": 2}
2026-09-10T07:00:26.383+0300	INFO	bft/state.go:121	Nothing to restore	{"t": "TestBasic", "id": 2}
2026-09-10T07:00:26.383+0300	INFO	bft/heartbeatmonitor.go:185	Changing to follower role, current view: 0, current leader: 1	{"t": "TestBasic", "id": 2}
2026-09-10T07:00:26.383+0300	INFO	bft/controller.go:404	Starting view with number 0, sequence 1, and decisions 0	{"t": "TestBasic", "id": 2}
2026-09-10T07:00:26.384+0300	DEBUG	consensus/consensus.go:153	Application started with view 0, seq 0, and decisions 0	{"t": "TestBasic", "id": 3}
2026-09-10T07:00:26.384+0300	INFO	bft/state.go:99	Nothing to restore	{"t": "TestBasic", "id": 3}
2026-09-10T07:00:26.384+0300	DEBUG	consensus/consensus.go:476	No view change to restore	{"t": "TestBasic", "id": 3}
2026-09-10T07:00:26.384+0300	INFO	bft/state.go:80	Nothing to restore	{"t": "TestBasic", "id": 3}
2026-09-10T07:00:26.384+0300	DEBUG	consensus/consensus.go:491	No new view to restore	{"t": "TestBasic", "id": 3}
2026-09-10T07:00:26.384+0300	DEBUG	bft/controller.go:793	Starting controller with view 0, sequence 1, and decisions 0	{"t": "TestBasic", "id": 3}
2026-09-10T07:00:26.384+0300	DEBUG	bft/controller.go:805	The number of nodes (N) is 4, F is 1, and the quorum size is 3	{"t": "TestBasic", "id": 3}
2026-09-10T07:00:26.384+0300	INFO	bft/controller.go:616	Synchronizer returned with an empty proposal metadata	{"t": "TestBasic", "id": 3}
2026-09-10T07:00:26.384+0300	DEBUG	bft/statecollector.go:83	Node 3 started collecting state responses	{"t": "TestBasic", "id": 3}
2026-09-10T07:00:26.586+0300	INFO	bft/statecollector.go:90	Node 3 reached the state collector timeout	{"t": "TestBasic", "id": 3}
2026-09-10T07:00:26.586+0300	INFO	bft/controller.go:653	Fetching state failed	{"t": "TestBasic", "id": 3}
2026-09-10T07:00:26.586+0300	DEBUG	bft/controller.go:812	After sync starting controller with view 0, sequence 1, and decisions 0	{"t": "TestBasic", "id": 3}
2026-09-10T07:00:26.586+0300	INFO	bft/state.go:121	Nothing to restore	{"t": "TestBasic", "id": 3}
2026-09-10T07:00:26.586+0300	INFO	bft/heartbeatmonitor.go:185	Changing to follower role, current view: 0, current leader: 1	{"t": "TestBasic", "id": 3}
2026-09-10T07:00:26.586+0300	INFO	bft/controller.go:404	Starting view with number 0, sequence 1, and decisions 0	{"t": "TestBasic", "id": 3}
2026-09-10T07:00:26.586+0300	DEBUG	consensus/consensus.go:153	Application started with view 0, seq 0, and decisions 0	{"t": "TestBasic", "id": 4}
2026-09-10T07:00:26.586+0300	INFO	bft/state.go:99	Nothing to restore	{"t": "TestBasic", "id": 4}
2026-09-10T07:00:26.586+0300	DEBUG	consensus/consensus.go:476	No view change to restore	{"t": "TestBasic", "id": 4}
2026-09-10T07:00:26.586+0300	INFO	bft/state.go:80	Nothing to restore	{"t": "TestBasic", "id": 4}
2026-09-10T07:00:26.586+0300	DEBUG	consensus/consensus.go:491	No new view to restore	{"t": "TestBasic", "id": 4}
2026-09-10T07:00:26.586+0300	DEBUG	bft/controller.go:793	Starting controller with view 0, sequence 1, and decisions 0	{"t": "TestBasic", "id": 4}
2026-09-10T07:00:26.586+0300	DEBUG	bft/controller.go:805	The number of nodes (N) is 4, F is 1, and the quorum size is 3	{"t": "TestBasic", "id": 4}
2026-09-10T07:00:26.586+0300	INFO	bft/controller.go:616	Synchronizer returned with an empty proposal metadata	{"t": "TestBasic", "id": 4}
2026-09-10T07:00:26.586+0300	DEBUG	bft/statecollector.go:83	Node 4 started collecting state responses	{"t": "TestBasic", "id": 4}
2026-09-10T07:00:26.788+0300	INFO	bft/statecollector.go:90	Node 4 reached the state collector timeout	{"t": "TestBasic", "id": 4}
2026-09-10T07:00:26.788+0300	INFO	bft/controller.go:653	Fetching state failed	{"t": "TestBasic", "id": 4}
2026-09-10T07:00:26.788+0300	DEBUG	bft/controller.go:812	After sync starting controller with view 0, sequence 1, and decisions 0	{"t": "TestBasic", "id": 4}
2026-09-10T07:00:26.788+0300	INFO	bft/state.go:121	Nothing to restore	{"t": "TestBasic", "id": 4}
2026-09-10T07:00:26.788+0300	INFO	bft/heartbeatmonitor.go:185	Changing to follower role, current view: 0, current leader: 1	{"t": "TestBasic", "id": 4}
2026-09-10T07:00:26.788+0300	INFO	bft/controller.go:404	Starting view with number 0, sequence 1, and decisions 0	{"t": "TestBasic", "id": 4}
2026-09-10T07:00:26.789+0300	DEBUG	consensus/consensus.go:312	Submit Request: {alice 1}	{"t": "TestBasic", "id": 1}
2026-09-10T07:00:26.789+0300	DEBUG	bft/requestpool.go:273	Request {alice 1} submitted; started a timeout: 500ms	{"t": "TestBasic", "id": 1}
2026-09-10T07:00:26.789+0300	DEBUG	bft/controller.go:270	Request {alice 1} was submitted	{"t": "TestBasic", "id": 1}
2026-09-10T07:00:26.789+0300	DEBUG	consensus/consensus.go:312	Submit Request: {alice 2}	{"t": "TestBasic", "id": 1}
2026-09-10T07:00:26.789+0300	DEBUG	bft/requestpool.go:273	Request {alice 2} submitted; started a timeout: 500ms	{"t": "TestBasic", "id": 1}
2026-09-10T07:00:26.789+0300	DEBUG	bft/controller.go:270	Request {alice 2} was submitted	{"t": "TestBasic", "id": 1}
2026-09-10T07:00:26.789+0300	DEBUG	consensus/consensus.go:312	Submit Request: {alice 3}	{"t": "TestBasic", "id": 1}
2026-09-10T07:00:26.789+0300	DEBUG	bft/requestpool.go:273	Request {alice 3} submitted; started a timeout: 500ms	{"t": "TestBasic", "id": 1}
2026-09-10T07:00:26.789+0300	DEBUG	bft/controller.go:270	Request {alice 3} was submitted	{"t": "TestBasic", "id": 1}
2026-09-10T07:00:26.789+0300	DEBUG	consensus/consensus.go:312	Submit Request: {alice 4}	{"t": "TestBasic", "id": 1}
2026-09-10T07:00:26.789+0300	DEBUG	bft/requestpool.go:273	Request {alice 4} submitted; started a timeout: 500ms	{"t": "TestBasic", "id": 1}
2026-09-10T07:00:26.789+0300	DEBUG	bft/controller.go:270	Request {alice 4} was submitted	{"t": "TestBasic", "id": 1}
2026-09-10T07:00:26.789+0300	DEBUG	bft/controller.go:331	2 got message from 1: state_transfer_request:{}	{"t": "TestBasic", "id": 2}
2026-09-10T07:00:26.789+0300	DEBUG	bft/controller.go:331	2 got message from 3: state_transfer_request:{}	{"t": "TestBasic", "id": 2}
2026-09-10T07:00:26.789+0300	DEBUG	bft/controller.go:331	2 got message from 4: state_transfer_request:{}	{"t": "TestBasic", "id": 2}
2026-09-10T07:00:26.789+0300	DEBUG	bft/controller.go:331	3 got message from 1: state_transfer_request:{}	{"t": "TestBasic", "id": 3}
2026-09-10T07:00:26.789+0300	DEBUG	bft/controller.go:331	3 got message from 2: state_transfer_request:{}	{"t": "TestBasic", "id": 3}
2026-09-10T07:00:26.789+0300	DEBUG	bft/controller.go:331	3 got message from 4: state_transfer_request:{}	{"t": "TestBasic", "id": 3}
2026-09-10T07:00:26.789+0300	DEBUG	bft/controller.go:331	4 got message from 1: state_transfer_request:{}	{"t": "TestBasic", "id": 4}
2026-09-10T07:00:26.789+0300	DEBUG	bft/controller.go:331	4 got message from 2: state_transfer_request:{}	{"t": "TestBasic", "id": 4}
2026-09-10T07:00:26.789+0300	DEBUG	bft/controller.go:331	1 got message from 2: state_transfer_request:{}	{"t": "TestBasic", "id": 1}
2026-09-10T07:00:26.789+0300	DEBUG	bft/controller.go:331	4 got message from 3: state_transfer_request:{}	{"t": "TestBasic", "id": 4}
2026-09-10T07:00:26.789+0300	DEBUG	bft/controller.go:331	1 got message from 3: state_transfer_request:{}	{"t": "TestBasic", "id": 1}
2026-09-10T07:00:26.789+0300	DEBUG	bft/controller.go:331	1 got message from 4: state_transfer_request:{}	{"t": "TestBasic", "id": 1}
2026-09-10T07:00:26.789+0300	DEBUG	bft/controller.go:331	3 got message from 2: state_transfer_response:{sequence:1}	{"t": "TestBasic", "id": 3}
2026-09-10T07:00:26.789+0300	DEBUG	bft/statecollector.go:58	Node 3 handling state response: state_transfer_response:{sequence:1}	{"t": "TestBasic", "id": 3}
2026-09-10T07:00:26.789+0300	DEBUG	bft/controller.go:331	1 got message from 2: state_transfer_response:{sequence:1}	{"t": "TestBasic", "id": 1}
2026-09-10T07:00:26.789+0300	DEBUG	bft/controller.go:331	3 got message from 4: state_transfer_response:{sequence:1}	{"t": "TestBasic", "id": 3}
2026-09-10T07:00:26.789+0300	DEBUG	bft/statecollector.go:58	Node 3 handling state response: state_transfer_response:{sequence:1}	{"t": "TestBasic", "id": 3}
2026-09-10T07:00:26.789+0300	DEBUG	bft/controller.go:331	3 got message from 1: state_transfer_response:{sequence:1}	{"t": "TestBasic", "id": 3}
2026-09-10T07:00:26.789+0300	DEBUG	bft/statecollector.go:58	Node 3 handling state response: state_transfer_response:{sequence:1}	{"t": "TestBasic", "id": 3}
2026-09-10T07:00:26.789+0300	DEBUG	bft/statecollector.go:58	Node 1 handling state response: state_transfer_response:{sequence:1}	{"t": "TestBasic", "id": 1}
2026-09-10T07:00:26.789+0300	DEBUG	bft/controller.go:331	4 got message from 2: state_transfer_response:{sequence:1}	{"t": "TestBasic", "id": 4}
2026-09-10T07:00:26.789+0300	DEBUG	bft/controller.go:331	1 got message from 3: state_transfer_response:{sequence:1}	{"t": "TestBasic", "id": 1}
2026-09-10T07:00:26.789+0300	DEBUG	bft/statecollector.go:58	Node 4 handling state response: state_transfer_response:{sequence:1}	{"t": "TestBasic", "id": 4}
2026-09-10T07:00:26.790+0300	DEBUG	bft/statecollector.go:58	Node 1 handling state response: state_transfer_response:{sequence:1}	{"t": "TestBasic", "id": 1}
2026-09-10T07:00:26.790+0300	DEBUG	bft/controller.go:331	4 got message from 3: state_transfer_response:{sequence:1}	{"t": "TestBasic", "id": 4}
2026-09-10T07:00:26.790+0300	DEBUG	bft/statecollector.go:58	Node 4 handling state response: state_transfer_response:{sequence:1}	{"t": "TestBasic", "id": 4}
2026-09-10T07:00:26.790+0300	DEBUG	bft/controller.go:331	4 got message from 1: state_transfer_response:{sequence:1}	{"t": "TestBasic", "id": 4}
2026-09-10T07:00:26.790+0300	DEBUG	bft/controller.go:331	2 got message from 3: state_transfer_response:{sequence:1}	{"t": "TestBasic", "id": 2}
2026-09-10T07:00:26.790+0300	DEBUG	bft/controller.go:331	1 got message from 4: state_transfer_response:{sequence:1}	{"t": "TestBasic", "id": 1}
2026-09-10T07:00:26.790+0300	DEBUG	bft/statecollector.go:58	Node 1 handling state response: state_transfer_response:{sequence:1}	{"t": "TestBasic", "id": 1}
2026-09-10T07:00:26.790+0300	DEBUG	bft/statecollector.go:58	Node 2 handling state response: state_transfer_response:{sequence:1}	{"t": "TestBasic", "id": 2}
2026-09-10T07:00:26.790+0300	DEBUG	bft/statecollector.go:58	Node 4 handling state response: state_transfer_response:{sequence:1}	{"t": "TestBasic", "id": 4}
2026-09-10T07:00:26.790+0300	DEBUG	bft/controller.go:331	2 got message from 4: state_transfer_response:{sequence:1}	{"t": "TestBasic", "id": 2}
2026-09-10T07:00:26.790+0300	DEBUG	bft/statecollector.go:58	Node 2 handling state response: state_transfer_response:{sequence:1}	{"t": "TestBasic", "id": 2}
2026-09-10T07:00:26.790+0300	DEBUG	bft/controller.go:331	2 got message from 1: state_transfer_response:{sequence:1}	{"t": "TestBasic", "id": 2}
2026-09-10T07:00:26.790+0300	DEBUG	bft/statecollector.go:58	Node 2 handling state response: state_transfer_response:{sequence:1}	{"t": "TestBasic", "id": 2}
2026-09-10T07:00:26.793+0300	DEBUG	bft/requestpool.go:328	Returning batch of 4 requests totalling 324B	{"t": "TestBasic", "id": 1}
2026-09-10T07:00:26.793+0300	DEBUG	bft/view.go:905	GetMetadata with view 0, seq 1, dec 0	{"t": "TestBasic", "id": 1}
2026-09-10T07:00:26.793+0300	DEBUG	bft/view.go:935	Proposing proposal 1 with verification sequence of 0 and 0 commit signatures	{"t": "TestBasic", "id": 1}
2026-09-10T07:00:26.793+0300	DEBUG	bft/view.go:1029	Rotation is disabled, setting blacklist to be empty	{"t": "TestBasic", "id": 1}
2026-09-10T07:00:26.793+0300	DEBUG	bft/view.go:982	Leader rotation is disabled, will not bind signatures to proposals	{"t": "TestBasic", "id": 1}
2026-09-10T07:00:26.793+0300	DEBUG	bft/view.go:977	Proposing proposal sequence 1 in view 0	{"t": "TestBasic", "id": 1}
2026-09-10T07:00:26.793+0300	DEBUG	bft/view.go:223	1 got message <PrePrepare with view: 0, seq: 1, payload of 340 bytes, header: > from 1 with seq 1	{"t": "TestBasic", "id": 1}
2026-09-10T07:00:26.793+0300	DEBUG	bft/view.go:614	Previous proposal verification sequence: 0, current verification sequence: 0	{"t": "TestBasic", "id": 1}
2026-09-10T07:00:26.793+0300	DEBUG	bft/view.go:652	DecisionsPerLeader is 0, hence leader rotation is inactive	{"t": "TestBasic", "id": 1}
2026-09-10T07:00:26.800+0300	DEBUG	wal/writeaheadlog.go:485	LogRecord appended successfully: total size=448, recordLength=433, dataCRC=0BFC5AC6; file=/var/folders/p4/74h8vgj146b3pm64t_tss0rm0000gn/T/TestBasic1395581641/node1/0000000000000001.wal, new-offset=464	{"t": "TestBasic", "id": 1}
2026-09-10T07:00:26.800+0300	INFO	bft/view.go:426	Processed proposal with seq 1	{"t": "TestBasic", "id": 1}
2026-09-10T07:00:26.800+0300	DEBUG	bft/controller.go:331	2 got message from 1: <PrePrepare with view: 0, seq: 1, payload of 340 bytes, header: >	{"t": "TestBasic", "id": 2}
2026-09-10T07:00:26.800+0300	DEBUG	bft/controller.go:331	2 got message from 1: prepare:{seq:1 digest:"28b94691a6e73581ce9be6be4923981e92e1c01880d3c0c22765c69b149476ac"}	{"t": "TestBasic", "id": 2}
2026-09-10T07:00:26.801+0300	DEBUG	bft/heartbeatmonitor.go:255	Received heartbeat from 1, last heartbeat was 0s ago	{"t": "TestBasic", "id": 2}
2026-09-10T07:00:26.801+0300	DEBUG	bft/heartbeatmonitor.go:255	Received heartbeat from 1, last heartbeat was 0s ago	{"t": "TestBasic", "id": 2}
2026-09-10T07:00:26.801+0300	DEBUG	bft/controller.go:331	3 got message from 1: <PrePrepare with view: 0, seq: 1, payload of 340 bytes, header: >	{"t": "TestBasic", "id": 3}
2026-09-10T07:00:26.801+0300	DEBUG	bft/controller.go:331	3 got message from 1: prepare:{seq:1 digest:"28b94691a6e73581ce9be6be4923981e92e1c01880d3c0c22765c69b149476ac"}	{"t": "TestBasic", "id": 3}
2026-09-10T07:00:26.801+0300	DEBUG	bft/heartbeatmonitor.go:255	Received heartbeat from 1, last heartbeat was 0s ago	{"t": "TestBasic", "id": 3}
2026-09-10T07:00:26.801+0300	DEBUG	bft/heartbeatmonitor.go:255	Received heartbeat from 1, last heartbeat was 0s ago	{"t": "TestBasic", "id": 3}
2026-09-10T07:00:26.801+0300	DEBUG	bft/controller.go:331	4 got message from 1: <PrePrepare with view: 0, seq: 1, payload of 340 bytes, header: >	{"t": "TestBasic", "id": 4}
2026-09-10T07:00:26.801+0300	DEBUG	bft/controller.go:331	4 got message from 1: prepare:{seq:1 digest:"28b94691a6e73581ce9be6be4923981e92e1c01880d3c0c22765c69b149476ac"}	{"t": "TestBasic", "id": 4}
2026-09-10T07:00:26.801+0300	DEBUG	bft/heartbeatmonitor.go:255	Received heartbeat from 1, last heartbeat was 0s ago	{"t": "TestBasic", "id": 4}
2026-09-10T07:00:26.801+0300	DEBUG	bft/heartbeatmonitor.go:255	Received heartbeat from 1, last heartbeat was 0s ago	{"t": "TestBasic", "id": 4}
2026-09-10T07:00:26.801+0300	DEBUG	bft/view.go:223	4 got message <PrePrepare with view: 0, seq: 1, payload of 340 bytes, header: > from 1 with seq 1	{"t": "TestBasic", "id": 4}
2026-09-10T07:00:26.801+0300	DEBUG	bft/view.go:223	4 got message prepare:{seq:1 digest:"28b94691a6e73581ce9be6be4923981e92e1c01880d3c0c22765c69b149476ac"} from 1 with seq 1	{"t": "TestBasic", "id": 4}
2026-09-10T07:00:26.801+0300	DEBUG	bft/view.go:614	Previous proposal verification sequence: 0, current verification sequence: 0	{"t": "TestBasic", "id": 4}
2026-09-10T07:00:26.801+0300	DEBUG	bft/view.go:652	DecisionsPerLeader is 0, hence leader rotation is inactive	{"t": "TestBasic", "id": 4}
2026-09-10T07:00:26.801+0300	DEBUG	bft/view.go:223	3 got message <PrePrepare with view: 0, seq: 1, payload of 340 bytes, header: > from 1 with seq 1	{"t": "TestBasic", "id": 3}
2026-09-10T07:00:26.801+0300	DEBUG	bft/view.go:614	Previous proposal verification sequence: 0, current verification sequence: 0	{"t": "TestBasic", "id": 3}
2026-09-10T07:00:26.801+0300	DEBUG	bft/view.go:652	DecisionsPerLeader is 0, hence leader rotation is inactive	{"t": "TestBasic", "id": 3}
2026-09-10T07:00:26.802+0300	DEBUG	bft/view.go:223	2 got message <PrePrepare with view: 0, seq: 1, payload of 340 bytes, header: > from 1 with seq 1	{"t": "TestBasic", "id": 2}
2026-09-10T07:00:26.802+0300	DEBUG	bft/view.go:614	Previous proposal verification sequence: 0, current verification sequence: 0	{"t": "TestBasic", "id": 2}
2026-09-10T07:00:26.802+0300	DEBUG	bft/view.go:652	DecisionsPerLeader is 0, hence leader rotation is inactive	{"t": "TestBasic", "id": 2}
2026-09-10T07:00:26.807+0300	DEBUG	wal/writeaheadlog.go:485	LogRecord appended successfully: total size=448, recordLength=433, dataCRC=0BFC5AC6; file=/var/folders/p4/74h8vgj146b3pm64t_tss0rm0000gn/T/TestBasic1395581641/node4/0000000000000001.wal, new-offset=464	{"t": "TestBasic", "id": 4}
2026-09-10T07:00:26.807+0300	INFO	bft/view.go:426	Processed proposal with seq 1	{"t": "TestBasic", "id": 4}
2026-09-10T07:00:26.807+0300	DEBUG	bft/controller.go:331	1 got message from 4: prepare:{seq:1 digest:"28b94691a6e73581ce9be6be4923981e92e1c01880d3c0c22765c69b149476ac"}	{"t": "TestBasic", "id": 1}
2026-09-10T07:00:26.807+0300	DEBUG	bft/controller.go:331	3 got message from 4: prepare:{seq:1 digest:"28b94691a6e73581ce9be6be4923981e92e1c01880d3c0c22765c69b149476ac"}	{"t": "TestBasic", "id": 3}
2026-09-10T07:00:26.807+0300	DEBUG	bft/view.go:223	1 got message prepare:{seq:1 digest:"28b94691a6e73581ce9be6be4923981e92e1c01880d3c0c22765c69b149476ac"} from 4 with seq 1	{"t": "TestBasic", "id": 1}
2026-09-10T07:00:26.807+0300	DEBUG	bft/controller.go:331	2 got message from 4: prepare:{seq:1 digest:"28b94691a6e73581ce9be6be4923981e92e1c01880d3c0c22765c69b149476ac"}	{"t": "TestBasic", "id": 2}
2026-09-10T07:00:26.812+0300	DEBUG	wal/writeaheadlog.go:485	LogRecord appended successfully: total size=448, recordLength=433, dataCRC=0BFC5AC6; file=/var/folders/p4/74h8vgj146b3pm64t_tss0rm0000gn/T/TestBasic1395581641/node2/0000000000000001.wal, new-offset=464	{"t": "TestBasic", "id": 2}
2026-09-10T07:00:26.812+0300	INFO	bft/view.go:426	Processed proposal with seq 1	{"t": "TestBasic", "id": 2}
2026-09-10T07:00:26.812+0300	DEBUG	bft/view.go:223	2 got message prepare:{seq:1 digest:"28b94691a6e73581ce9be6be4923981e92e1c01880d3c0c22765c69b149476ac"} from 1 with seq 1	{"t": "TestBasic", "id": 2}
2026-09-10T07:00:26.812+0300	DEBUG	bft/view.go:223	2 got message prepare:{seq:1 digest:"28b94691a6e73581ce9be6be4923981e92e1c01880d3c0c22765c69b149476ac"} from 4 with seq 1	{"t": "TestBasic", "id": 2}
2026-09-10T07:00:26.812+0300	INFO	bft/view.go:464	2 collected 2 prepares from [1 4]	{"t": "TestBasic", "id": 2}
2026-09-10T07:00:26.812+0300	DEBUG	bft/controller.go:331	1 got message from 2: prepare:{seq:1 digest:"28b94691a6e73581ce9be6be4923981e92e1c01880d3c0c22765c69b149476ac"}	{"t": "TestBasic", "id": 1}
2026-09-10T07:00:26.812+0300	DEBUG	bft/controller.go:331	3 got message from 2: prepare:{seq:1 digest:"28b94691a6e73581ce9be6be4923981e92e1c01880d3c0c22765c69b149476ac"}	{"t": "TestBasic", "id": 3}
2026-09-10T07:00:26.812+0300	DEBUG	bft/view.go:223	1 got message prepare:{seq:1 digest:"28b94691a6e73581ce9be6be4923981e92e1c01880d3c0c22765c69b149476ac"} from 2 with seq 1	{"t": "TestBasic", "id": 1}
2026-09-10T07:00:26.812+0300	INFO	bft/view.go:464	1 collected 2 prepares from [4 2]	{"t": "TestBasic", "id": 1}
2026-09-10T07:00:26.812+0300	DEBUG	bft/controller.go:331	4 got message from 2: prepare:{seq:1 digest:"28b94691a6e73581ce9be6be4923981e92e1c01880d3c0c22765c69b149476ac"}	{"t": "TestBasic", "id": 4}
2026-09-10T07:00:26.817+0300	DEBUG	wal/writeaheadlog.go:485	LogRecord appended successfully: total size=448, recordLength=433, dataCRC=0BFC5AC6; file=/var/folders/p4/74h8vgj146b3pm64t_tss0rm0000gn/T/TestBasic1395581641/node3/0000000000000001.wal, new-offset=464	{"t": "TestBasic", "id": 3}
2026-09-10T07:00:26.817+0300	INFO	bft/view.go:426	Processed proposal with seq 1	{"t": "TestBasic", "id": 3}
2026-09-10T07:00:26.817+0300	DEBUG	bft/view.go:223	4 got message prepare:{seq:1 digest:"28b94691a6e73581ce9be6be4923981e92e1c01880d3c0c22765c69b149476ac"} from 2 with seq 1	{"t": "TestBasic", "id": 4}
2026-09-10T07:00:26.817+0300	INFO	bft/view.go:464	4 collected 2 prepares from [1 2]	{"t": "TestBasic", "id": 4}
2026-09-10T07:00:26.818+0300	DEBUG	bft/view.go:223	3 got message prepare:{seq:1 digest:"28b94691a6e73581ce9be6be4923981e92e1c01880d3c0c22765c69b149476ac"} from 1 with seq 1	{"t": "TestBasic", "id": 3}
2026-09-10T07:00:26.818+0300	DEBUG	bft/view.go:223	3 got message prepare:{seq:1 digest:"28b94691a6e73581ce9be6be4923981e92e1c01880d3c0c22765c69b149476ac"} from 4 with seq 1	{"t": "TestBasic", "id": 3}
2026-09-10T07:00:26.818+0300	DEBUG	bft/view.go:223	3 got message prepare:{seq:1 digest:"28b94691a6e73581ce9be6be4923981e92e1c01880d3c0c22765c69b149476ac"} from 2 with seq 1	{"t": "TestBasic", "id": 3}
2026-09-10T07:00:26.818+0300	INFO	bft/view.go:464	3 collected 2 prepares from [1 4]	{"t": "TestBasic", "id": 3}
2026-09-10T07:00:26.826+0300	DEBUG	wal/writeaheadlog.go:485	LogRecord appended successfully: total size=96, recordLength=84, dataCRC=B01158EB; file=/var/folders/p4/74h8vgj146b3pm64t_tss0rm0000gn/T/TestBasic1395581641/node1/0000000000000001.wal, new-offset=560	{"t": "TestBasic", "id": 1}
2026-09-10T07:00:26.826+0300	DEBUG	bft/controller.go:331	2 got message from 3: prepare:{seq:1 digest:"28b94691a6e73581ce9be6be4923981e92e1c01880d3c0c22765c69b149476ac"}	{"t": "TestBasic", "id": 2}
2026-09-10T07:00:26.826+0300	DEBUG	wal/writeaheadlog.go:485	LogRecord appended successfully: total size=96, recordLength=84, dataCRC=C1CD0BDF; file=/var/folders/p4/74h8vgj146b3pm64t_tss0rm0000gn/T/TestBasic1395581641/node2/0000000000000001.wal, new-offset=560	{"t": "TestBasic", "id": 2}
2026-09-10T07:00:26.826+0300	DEBUG	bft/controller.go:331	4 got message from 3: prepare:{seq:1 digest:"28b94691a6e73581ce9be6be4923981e92e1c01880d3c0c22765c69b149476ac"}	{"t": "TestBasic", "id": 4}
2026-09-10T07:00:26.826+0300	INFO	bft/view.go:516	Processed prepares for proposal with seq 1	{"t": "TestBasic", "id": 1}
2026-09-10T07:00:26.826+0300	INFO	bft/view.go:516	Processed prepares for proposal with seq 1	{"t": "TestBasic", "id": 2}
2026-09-10T07:00:26.826+0300	DEBUG	bft/view.go:223	2 got message prepare:{seq:1 digest:"28b94691a6e73581ce9be6be4923981e92e1c01880d3c0c22765c69b149476ac"} from 3 with seq 1	{"t": "TestBasic", "id": 2}
2026-09-10T07:00:26.826+0300	DEBUG	bft/controller.go:331	1 got message from 3: prepare:{seq:1 digest:"28b94691a6e73581ce9be6be4923981e92e1c01880d3c0c22765c69b149476ac"}	{"t": "TestBasic", "id": 1}
2026-09-10T07:00:26.826+0300	DEBUG	bft/view.go:223	1 got message prepare:{seq:1 digest:"28b94691a6e73581ce9be6be4923981e92e1c01880d3c0c22765c69b149476ac"} from 3 with seq 1	{"t": "TestBasic", "id": 1}
2026-09-10T07:00:26.826+0300	DEBUG	bft/controller.go:331	1 got message from 2: commit:{seq:1 digest:"28b94691a6e73581ce9be6be4923981e92e1c01880d3c0c22765c69b149476ac" signature:{signer:2 msg:"\n\x02\x01\x04"}}	{"t": "TestBasic", "id": 1}
2026-09-10T07:00:26.827+0300	DEBUG	bft/controller.go:331	3 got message from 1: commit:{seq:1 digest:"28b94691a6e73581ce9be6be4923981e92e1c01880d3c0c22765c69b149476ac" signature:{signer:1 msg:"\n\x02\x04\x02"}}	{"t": "TestBasic", "id": 3}
2026-09-10T07:00:26.827+0300	DEBUG	bft/view.go:223	1 got message commit:{seq:1 digest:"28b94691a6e73581ce9be6be4923981e92e1c01880d3c0c22765c69b149476ac" signature:{signer:2 msg:"\n\x02\x01\x04"}} from 2 with seq 1	{"t": "TestBasic", "id": 1}
2026-09-10T07:00:26.827+0300	DEBUG	bft/controller.go:331	3 got message from 2: commit:{seq:1 digest:"28b94691a6e73581ce9be6be4923981e92e1c01880d3c0c22765c69b149476ac" signature:{signer:2 msg:"\n\x02\x01\x04"}}	{"t": "TestBasic", "id": 3}
2026-09-10T07:00:26.827+0300	DEBUG	bft/heartbeatmonitor.go:255	Received heartbeat from 1, last heartbeat was 0s ago	{"t": "TestBasic", "id": 3}
2026-09-10T07:00:26.827+0300	DEBUG	bft/controller.go:331	4 got message from 1: commit:{seq:1 digest:"28b94691a6e73581ce9be6be4923981e92e1c01880d3c0c22765c69b149476ac" signature:{signer:1 msg:"\n\x02\x04\x02"}}	{"t": "TestBasic", "id": 4}
2026-09-10T07:00:26.827+0300	DEBUG	bft/controller.go:331	4 got message from 2: commit:{seq:1 digest:"28b94691a6e73581ce9be6be4923981e92e1c01880d3c0c22765c69b149476ac" signature:{signer:2 msg:"\n\x02\x01\x04"}}	{"t": "TestBasic", "id": 4}
2026-09-10T07:00:26.827+0300	DEBUG	bft/controller.go:331	2 got message from 1: commit:{seq:1 digest:"28b94691a6e73581ce9be6be4923981e92e1c01880d3c0c22765c69b149476ac" signature:{signer:1 msg:"\n\x02\x04\x02"}}	{"t": "TestBasic", "id": 2}
2026-09-10T07:00:26.827+0300	DEBUG	bft/heartbeatmonitor.go:255	Received heartbeat from 1, last heartbeat was 0s ago	{"t": "TestBasic", "id": 4}
2026-09-10T07:00:26.827+0300	DEBUG	bft/heartbeatmonitor.go:255	Received heartbeat from 1, last heartbeat was 0s ago	{"t": "TestBasic", "id": 2}
2026-09-10T07:00:26.827+0300	DEBUG	bft/view.go:223	2 got message commit:{seq:1 digest:"28b94691a6e73581ce9be6be4923981e92e1c01880d3c0c22765c69b149476ac" signature:{signer:1 msg:"\n\x02\x04\x02"}} from 1 with seq 1	{"t": "TestBasic", "id": 2}
2026-09-10T07:00:26.836+0300	DEBUG	wal/writeaheadlog.go:485	LogRecord appended successfully: total size=96, recordLength=84, dataCRC=56BCFC1E; file=/var/folders/p4/74h8vgj146b3pm64t_tss0rm0000gn/T/TestBasic1395581641/node3/0000000000000001.wal, new-offset=560	{"t": "TestBasic", "id": 3}
2026-09-10T07:00:26.836+0300	DEBUG	wal/writeaheadlog.go:485	LogRecord appended successfully: total size=96, recordLength=84, dataCRC=2CBAC1A2; file=/var/folders/p4/74h8vgj146b3pm64t_tss0rm0000gn/T/TestBasic1395581641/node4/0000000000000001.wal, new-offset=560	{"t": "TestBasic", "id": 4}
2026-09-10T07:00:26.836+0300	INFO	bft/view.go:516	Processed prepares for proposal with seq 1	{"t": "TestBasic", "id": 4}
2026-09-10T07:00:26.836+0300	INFO	bft/view.go:516	Processed prepares for proposal with seq 1	{"t": "TestBasic", "id": 3}
2026-09-10T07:00:26.836+0300	DEBUG	bft/view.go:223	4 got message prepare:{seq:1 digest:"28b94691a6e73581ce9be6be4923981e92e1c01880d3c0c22765c69b149476ac"} from 3 with seq 1	{"t": "TestBasic", "id": 4}
2026-09-10T07:00:26.836+0300	DEBUG	bft/view.go:223	3 got message commit:{seq:1 digest:"28b94691a6e73581ce9be6be4923981e92e1c01880d3c0c22765c69b149476ac" signature:{signer:1 msg:"\n\x02\x04\x02"}} from 1 with seq 1	{"t": "TestBasic", "id": 3}
2026-09-10T07:00:26.836+0300	DEBUG	bft/view.go:223	4 got message commit:{seq:1 digest:"28b94691a6e73581ce9be6be4923981e92e1c01880d3c0c22765c69b149476ac" signature:{signer:1 msg:"\n\x02\x04\x02"}} from 1 with seq 1	{"t": "TestBasic", "id": 4}
2026-09-10T07:00:26.836+0300	DEBUG	bft/view.go:223	4 got message commit:{seq:1 digest:"28b94691a6e73581ce9be6be4923981e92e1c01880d3c0c22765c69b149476ac" signature:{signer:2 msg:"\n\x02\x01\x04"}} from 2 with seq 1	{"t": "TestBasic", "id": 4}
2026-09-10T07:00:26.836+0300	DEBUG	bft/view.go:223	3 got message commit:{seq:1 digest:"28b94691a6e73581ce9be6be4923981e92e1c01880d3c0c22765c69b149476ac" signature:{signer:2 msg:"\n\x02\x01\x04"}} from 2 with seq 1	{"t": "TestBasic", "id": 3}
2026-09-10T07:00:26.836+0300	DEBUG	bft/controller.go:331	3 got message from 4: commit:{seq:1 digest:"28b94691a6e73581ce9be6be4923981e92e1c01880d3c0c22765c69b149476ac" signature:{signer:4 msg:"\n\x02\x01\x02"}}	{"t": "TestBasic", "id": 3}
2026-09-10T07:00:26.836+0300	DEBUG	bft/controller.go:331	4 got message from 3: commit:{seq:1 digest:"28b94691a6e73581ce9be6be4923981e92e1c01880d3c0c22765c69b149476ac" signature:{signer:3 msg:"\n\x02\x01\x04"}}	{"t": "TestBasic", "id": 4}
2026-09-10T07:00:26.836+0300	DEBUG	bft/controller.go:331	1 got message from 4: commit:{seq:1 digest:"28b94691a6e73581ce9be6be4923981e92e1c01880d3c0c22765c69b149476ac" signature:{signer:4 msg:"\n\x02\x01\x02"}}	{"t": "TestBasic", "id": 1}
2026-09-10T07:00:26.836+0300	INFO	bft/view.go:549	4 collected 2 commits from [2 1]	{"t": "TestBasic", "id": 4}
2026-09-10T07:00:26.836+0300	DEBUG	bft/controller.go:331	1 got message from 3: commit:{seq:1 digest:"28b94691a6e73581ce9be6be4923981e92e1c01880d3c0c22765c69b149476ac" signature:{signer:3 msg:"\n\x02\x01\x04"}}	{"t": "TestBasic", "id": 1}
2026-09-10T07:00:26.836+0300	DEBUG	bft/view.go:223	3 got message commit:{seq:1 digest:"28b94691a6e73581ce9be6be4923981e92e1c01880d3c0c22765c69b149476ac" signature:{signer:4 msg:"\n\x02\x01\x02"}} from 4 with seq 1	{"t": "TestBasic", "id": 3}
2026-09-10T07:00:26.836+0300	INFO	bft/view.go:336	4 processed commits for proposal with seq 1	{"t": "TestBasic", "id": 4}
2026-09-10T07:00:26.836+0300	INFO	bft/view.go:853	Deciding on seq 1	{"t": "TestBasic", "id": 4}
2026-09-10T07:00:26.836+0300	INFO	bft/view.go:872	Sequence: 1-->2	{"t": "TestBasic", "id": 4}
2026-09-10T07:00:26.836+0300	DEBUG	bft/controller.go:331	2 got message from 4: commit:{seq:1 digest:"28b94691a6e73581ce9be6be4923981e92e1c01880d3c0c22765c69b149476ac" signature:{signer:4 msg:"\n\x02\x01\x02"}}	{"t": "TestBasic", "id": 2}
2026-09-10T07:00:26.836+0300	DEBUG	bft/view.go:223	1 got message commit:{seq:1 digest:"28b94691a6e73581ce9be6be4923981e92e1c01880d3c0c22765c69b149476ac" signature:{signer:4 msg:"\n\x02\x01\x02"}} from 4 with seq 1	{"t": "TestBasic", "id": 1}
2026-09-10T07:00:26.836+0300	DEBUG	bft/controller.go:538	Delivering to app from Controller decide the last decision proposal	{"t": "TestBasic", "id": 4}
2026-09-10T07:00:26.836+0300	INFO	bft/view.go:549	3 collected 2 commits from [2 1]	{"t": "TestBasic", "id": 3}
2026-09-10T07:00:26.837+0300	DEBUG	bft/view.go:223	1 got message commit:{seq:1 digest:"28b94691a6e73581ce9be6be4923981e92e1c01880d3c0c22765c69b149476ac" signature:{signer:3 msg:"\n\x02\x01\x04"}} from 3 with seq 1	{"t": "TestBasic", "id": 1}
2026-09-10T07:00:26.837+0300	INFO	bft/view.go:336	3 processed commits for proposal with seq 1	{"t": "TestBasic", "id": 3}
2026-09-10T07:00:26.837+0300	INFO	bft/view.go:549	1 collected 2 commits from [2 4]	{"t": "TestBasic", "id": 1}
2026-09-10T07:00:26.837+0300	INFO	bft/view.go:853	Deciding on seq 1	{"t": "TestBasic", "id": 3}
2026-09-10T07:00:26.837+0300	INFO	bft/view.go:872	Sequence: 1-->2	{"t": "TestBasic", "id": 3}
2026-09-10T07:00:26.836+0300	DEBUG	bft/controller.go:331	2 got message from 3: commit:{seq:1 digest:"28b94691a6e73581ce9be6be4923981e92e1c01880d3c0c22765c69b149476ac" signature:{signer:3 msg:"\n\x02\x01\x04"}}	{"t": "TestBasic", "id": 2}
2026-09-10T07:00:26.837+0300	INFO	bft/view.go:336	1 processed commits for proposal with seq 1	{"t": "TestBasic", "id": 1}
2026-09-10T07:00:26.837+0300	DEBUG	bft/view.go:223	2 got message commit:{seq:1 digest:"28b94691a6e73581ce9be6be4923981e92e1c01880d3c0c22765c69b149476ac" signature:{signer:4 msg:"\n\x02\x01\x02"}} from 4 with seq 1	{"t": "TestBasic", "id": 2}
2026-09-10T07:00:26.837+0300	DEBUG	bft/controller.go:538	Delivering to app from Controller decide the last decision proposal	{"t": "TestBasic", "id": 3}
2026-09-10T07:00:26.837+0300	INFO	bft/view.go:853	Deciding on seq 1	{"t": "TestBasic", "id": 1}
2026-09-10T07:00:26.837+0300	DEBUG	bft/view.go:223	2 got message commit:{seq:1 digest:"28b94691a6e73581ce9be6be4923981e92e1c01880d3c0c22765c69b149476ac" signature:{signer:3 msg:"\n\x02\x01\x04"}} from 3 with seq 1	{"t": "TestBasic", "id": 2}
2026-09-10T07:00:26.837+0300	INFO	bft/view.go:872	Sequence: 1-->2	{"t": "TestBasic", "id": 1}
2026-09-10T07:00:26.837+0300	INFO	bft/view.go:549	2 collected 2 commits from [1 3]	{"t": "TestBasic", "id": 2}
2026-09-10T07:00:26.837+0300	INFO	bft/view.go:336	2 processed commits for proposal with seq 1	{"t": "TestBasic", "id": 2}
2026-09-10T07:00:26.837+0300	DEBUG	bft/controller.go:538	Delivering to app from Controller decide the last decision proposal	{"t": "TestBasic", "id": 1}
2026-09-10T07:00:26.837+0300	DEBUG	test/test_app.go:309	Deliver view 0 last seq 1 prevSeq 0	{"t": "TestBasic", "id": 3}
2026-09-10T07:00:26.837+0300	DEBUG	test/test_app.go:309	Deliver view 0 last seq 1 prevSeq 0	{"t": "TestBasic", "id": 1}
2026-09-10T07:00:26.837+0300	INFO	bft/view.go:853	Deciding on seq 1	{"t": "TestBasic", "id": 2}
2026-09-10T07:00:26.837+0300	INFO	bft/view.go:872	Sequence: 1-->2	{"t": "TestBasic", "id": 2}
2026-09-10T07:00:26.837+0300	DEBUG	bft/controller.go:543	Node 3 delivered proposal	{"t": "TestBasic", "id": 3}
2026-09-10T07:00:26.837+0300	DEBUG	bft/controller.go:538	Delivering to app from Controller decide the last decision proposal	{"t": "TestBasic", "id": 2}
2026-09-10T07:00:26.837+0300	DEBUG	bft/controller.go:543	Node 1 delivered proposal	{"t": "TestBasic", "id": 1}
2026-09-10T07:00:26.837+0300	DEBUG	bft/requestpool.go:382	request {alice 1} is not in the pool at remove time	{"t": "TestBasic", "id": 3}
2026-09-10T07:00:26.837+0300	DEBUG	test/test_app.go:309	Deliver view 0 last seq 1 prevSeq 0	{"t": "TestBasic", "id": 2}
2026-09-10T07:00:26.837+0300	DEBUG	bft/controller.go:907	Request {alice 1} wasn't found in the pool : request {alice 1} is not in the pool at remove time	{"t": "TestBasic", "id": 3}
2026-09-10T07:00:26.837+0300	DEBUG	bft/requestpool.go:400	Removed request {alice 1} from request pool	{"t": "TestBasic", "id": 1}
2026-09-10T07:00:26.837+0300	DEBUG	bft/requestpool.go:382	request {alice 2} is not in the pool at remove time	{"t": "TestBasic", "id": 3}
2026-09-10T07:00:26.837+0300	DEBUG	bft/requestpool.go:400	Removed request {alice 2} from request pool	{"t": "TestBasic", "id": 1}
2026-09-10T07:00:26.837+0300	DEBUG	bft/requestpool.go:400	Removed request {alice 3} from request pool	{"t": "TestBasic", "id": 1}
2026-09-10T07:00:26.837+0300	DEBUG	test/test_app.go:309	Deliver view 0 last seq 1 prevSeq 0	{"t": "TestBasic", "id": 4}
2026-09-10T07:00:26.837+0300	DEBUG	bft/requestpool.go:400	Removed request {alice 4} from request pool	{"t": "TestBasic", "id": 1}
2026-09-10T07:00:26.837+0300	DEBUG	bft/controller.go:572	view(0) + (decisionsInView(1) / decisionsPerLeader(0)), N(4), blacklist([])	{"t": "TestBasic", "id": 1}
2026-09-10T07:00:26.837+0300	DEBUG	bft/controller.go:543	Node 4 delivered proposal	{"t": "TestBasic", "id": 4}
2026-09-10T07:00:26.837+0300	DEBUG	bft/requestpool.go:382	request {alice 1} is not in the pool at remove time	{"t": "TestBasic", "id": 4}
2026-09-10T07:00:26.837+0300	DEBUG	bft/controller.go:907	Request {alice 1} wasn't found in the pool : request {alice 1} is not in the pool at remove time	{"t": "TestBasic", "id": 4}
2026-09-10T07:00:26.837+0300	DEBUG	bft/controller.go:543	Node 2 delivered proposal	{"t": "TestBasic", "id": 2}
2026-09-10T07:00:26.837+0300	DEBUG	bft/requestpool.go:382	request {alice 2} is not in the pool at remove time	{"t": "TestBasic", "id": 4}
2026-09-10T07:00:26.837+0300	DEBUG	bft/requestpool.go:382	request {alice 1} is not in the pool at remove time	{"t": "TestBasic", "id": 2}
2026-09-10T07:00:26.837+0300	DEBUG	bft/controller.go:907	Request {alice 1} wasn't found in the pool : request {alice 1} is not in the pool at remove time	{"t": "TestBasic", "id": 2}
2026-09-10T07:00:26.837+0300	DEBUG	bft/requestpool.go:382	request {alice 2} is not in the pool at remove time	{"t": "TestBasic", "id": 2}
2026-09-10T07:00:26.837+0300	DEBUG	bft/controller.go:907	Request {alice 2} wasn't found in the pool : request {alice 2} is not in the pool at remove time	{"t": "TestBasic", "id": 3}
2026-09-10T07:00:26.837+0300	DEBUG	bft/controller.go:907	Request {alice 2} wasn't found in the pool : request {alice 2} is not in the pool at remove time	{"t": "TestBasic", "id": 4}
2026-09-10T07:00:26.837+0300	DEBUG	bft/requestpool.go:382	request {alice 3} is not in the pool at remove time	{"t": "TestBasic", "id": 4}
2026-09-10T07:00:26.837+0300	DEBUG	bft/requestpool.go:382	request {alice 3} is not in the pool at remove time	{"t": "TestBasic", "id": 3}
2026-09-10T07:00:26.837+0300	DEBUG	bft/controller.go:907	Request {alice 3} wasn't found in the pool : request {alice 3} is not in the pool at remove time	{"t": "TestBasic", "id": 4}
2026-09-10T07:00:26.837+0300	DEBUG	bft/controller.go:907	Request {alice 3} wasn't found in the pool : request {alice 3} is not in the pool at remove time	{"t": "TestBasic", "id": 3}
2026-09-10T07:00:26.837+0300	DEBUG	bft/requestpool.go:382	request {alice 4} is not in the pool at remove time	{"t": "TestBasic", "id": 4}
2026-09-10T07:00:26.837+0300	DEBUG	bft/requestpool.go:382	request {alice 4} is not in the pool at remove time	{"t": "TestBasic", "id": 3}
2026-09-10T07:00:26.837+0300	DEBUG	bft/controller.go:907	Request {alice 2} wasn't found in the pool : request {alice 2} is not in the pool at remove time	{"t": "TestBasic", "id": 2}
2026-09-10T07:00:26.837+0300	DEBUG	bft/controller.go:907	Request {alice 4} wasn't found in the pool : request {alice 4} is not in the pool at remove time	{"t": "TestBasic", "id": 3}
2026-09-10T07:00:26.837+0300	DEBUG	bft/controller.go:572	view(0) + (decisionsInView(1) / decisionsPerLeader(0)), N(4), blacklist([])	{"t": "TestBasic", "id": 3}
2026-09-10T07:00:26.837+0300	DEBUG	bft/requestpool.go:382	request {alice 3} is not in the pool at remove time	{"t": "TestBasic", "id": 2}
2026-09-10T07:00:26.837+0300	DEBUG	bft/controller.go:907	Request {alice 3} wasn't found in the pool : request {alice 3} is not in the pool at remove time	{"t": "TestBasic", "id": 2}
2026-09-10T07:00:26.837+0300	DEBUG	bft/requestpool.go:382	request {alice 4} is not in the pool at remove time	{"t": "TestBasic", "id": 2}
2026-09-10T07:00:26.837+0300	DEBUG	bft/controller.go:907	Request {alice 4} wasn't found in the pool : request {alice 4} is not in the pool at remove time	{"t": "TestBasic", "id": 2}
2026-09-10T07:00:26.837+0300	DEBUG	bft/controller.go:572	view(0) + (decisionsInView(1) / decisionsPerLeader(0)), N(4), blacklist([])	{"t": "TestBasic", "id": 2}
2026-09-10T07:00:26.837+0300	DEBUG	bft/controller.go:907	Request {alice 4} wasn't found in the pool : request {alice 4} is not in the pool at remove time	{"t": "TestBasic", "id": 4}
2026-09-10T07:00:26.837+0300	DEBUG	bft/controller.go:572	view(0) + (decisionsInView(1) / decisionsPerLeader(0)), N(4), blacklist([])	{"t": "TestBasic", "id": 4}
2026-09-10T07:00:26.837+0300	DEBUG	bft/view.go:756	Got commit for previous sequence (1) from 3, but didn't have a previous commit to send back.	{"t": "TestBasic", "id": 4}
2026-09-10T07:00:26.838+0300	INFO	bft/controller.go:502	Exiting controller run; ID: 4	{"t": "TestBasic", "id": 4}
2026-09-10T07:00:26.838+0300	INFO	consensus/consensus.go:169	Exiting consensus run; ID: 4	{"t": "TestBasic", "id": 4}
2026-09-10T07:00:26.838+0300	INFO	bft/controller.go:502	Exiting controller run; ID: 1	{"t": "TestBasic", "id": 1}
2026-09-10T07:00:26.838+0300	INFO	consensus/consensus.go:169	Exiting consensus run; ID: 1	{"t": "TestBasic", "id": 1}
2026-09-10T07:00:26.838+0300	INFO	bft/controller.go:502	Exiting controller run; ID: 2	{"t": "TestBasic", "id": 2}
2026-09-10T07:00:26.838+0300	INFO	consensus/consensus.go:169	Exiting consensus run; ID: 2	{"t": "TestBasic", "id": 2}
2026-09-10T07:00:26.838+0300	INFO	bft/controller.go:502	Exiting controller run; ID: 3	{"t": "TestBasic", "id": 3}
2026-09-10T07:00:26.838+0300	INFO	consensus/consensus.go:169	Exiting consensus run; ID: 3	{"t": "TestBasic", "id": 3}
--- PASS: TestBasic (0.88s)
PASS
ok  	github.com/hyperledger-labs/SmartBFT/test	1.473s
